[0.019s] Invoking command in '/home/jg/ros_rlr/build/xv_11_driver': CMAKE_PREFIX_PATH=/opt/ros/humble /usr/bin/cmake /home/jg/ros_rlr/src/xv_11_driver -DCMAKE_INSTALL_PREFIX=/home/jg/ros_rlr/install/xv_11_driver
[0.107s] -- The C compiler identification is GNU 11.4.0
[0.190s] -- The CXX compiler identification is GNU 11.4.0
[0.197s] -- Detecting C compiler ABI info
[0.256s] -- Detecting C compiler ABI info - done
[0.262s] -- Check for working C compiler: /usr/bin/cc - skipped
[0.262s] -- Detecting C compile features
[0.262s] -- Detecting C compile features - done
[0.265s] -- Detecting CXX compiler ABI info
[0.329s] -- Detecting CXX compiler ABI info - done
[0.334s] -- Check for working CXX compiler: /usr/bin/c++ - skipped
[0.335s] -- Detecting CXX compile features
[0.335s] -- Detecting CXX compile features - done
[0.338s] -- Found ament_cmake: 1.3.10 (/opt/ros/humble/share/ament_cmake/cmake)
[0.459s] -- Found Python3: /usr/bin/python3 (found version "3.10.12") found components: Interpreter 
[0.538s] -- Found rclcpp: 16.0.10 (/opt/ros/humble/share/rclcpp/cmake)
[0.574s] -- Found rosidl_generator_c: 3.1.5 (/opt/ros/humble/share/rosidl_generator_c/cmake)
[0.577s] -- Found rosidl_adapter: 3.1.5 (/opt/ros/humble/share/rosidl_adapter/cmake)
[0.583s] -- Found rosidl_generator_cpp: 3.1.5 (/opt/ros/humble/share/rosidl_generator_cpp/cmake)
[0.594s] -- Using all available rosidl_typesupport_c: rosidl_typesupport_fastrtps_c;rosidl_typesupport_introspection_c
[0.607s] -- Using all available rosidl_typesupport_cpp: rosidl_typesupport_fastrtps_cpp;rosidl_typesupport_introspection_cpp
[0.649s] -- Found rmw_implementation_cmake: 6.1.2 (/opt/ros/humble/share/rmw_implementation_cmake/cmake)
[0.652s] -- Found rmw_fastrtps_cpp: 6.2.7 (/opt/ros/humble/share/rmw_fastrtps_cpp/cmake)
[0.728s] -- Found OpenSSL: /usr/lib/x86_64-linux-gnu/libcrypto.so (found version "3.0.2")  
[0.749s] -- Found FastRTPS: /opt/ros/humble/include  
[0.777s] -- Using RMW implementation 'rmw_fastrtps_cpp' as default
[0.784s] -- Looking for pthread.h
[0.844s] -- Looking for pthread.h - found
[0.844s] -- Performing Test CMAKE_HAVE_LIBC_PTHREAD
[0.898s] -- Performing Test CMAKE_HAVE_LIBC_PTHREAD - Success
[0.899s] -- Found Threads: TRUE  
[0.949s] -- Found sensor_msgs: 4.2.4 (/opt/ros/humble/share/sensor_msgs/cmake)
[0.981s] -- Found ament_lint_auto: 0.12.11 (/opt/ros/humble/share/ament_lint_auto/cmake)
[1.058s] -- Added test 'copyright' to check source files copyright and LICENSE
[1.062s] -- Added test 'cppcheck' to perform static code analysis on C / C++ code
[1.062s] -- Configured cppcheck include dirs: 
[1.062s] -- Configured cppcheck exclude dirs and/or files: 
[1.065s] -- Added test 'cpplint' to check C / C++ code against the Google style
[1.065s] -- Configured cpplint exclude dirs and/or files: 
[1.066s] -- Added test 'lint_cmake' to check CMake code style
[1.068s] -- Added test 'uncrustify' to check C / C++ code style
[1.068s] -- Configured uncrustify additional arguments: 
[1.069s] -- Added test 'xmllint' to check XML markup files
[1.070s] -- Configuring done
[1.076s] -- Generating done
[1.077s] -- Build files have been written to: /home/jg/ros_rlr/build/xv_11_driver
