[0.022s] Invoking command in '/home/jg/ros_rlr/build/micro_ros_msgs': CMAKE_PREFIX_PATH=/opt/ros/humble /usr/bin/cmake --build /home/jg/ros_rlr/build/micro_ros_msgs -- -j8 -l8
[0.065s] [  2%] [34m[1mGenerating C code for ROS interfaces[0m
[0.077s] [  4%] [34m[1mGenerating C++ code for ROS interfaces[0m
[0.087s] [  4%] Built target ament_cmake_python_copy_micro_ros_msgs
[0.427s] running egg_info
[0.431s] writing micro_ros_msgs.egg-info/PKG-INFO
[0.431s] writing dependency_links to micro_ros_msgs.egg-info/dependency_links.txt
[0.431s] writing top-level names to micro_ros_msgs.egg-info/top_level.txt
[0.431s] writing manifest file 'micro_ros_msgs.egg-info/SOURCES.txt'
[0.437s] reading manifest file 'micro_ros_msgs.egg-info/SOURCES.txt'
[0.438s] writing manifest file 'micro_ros_msgs.egg-info/SOURCES.txt'
[0.474s] [  4%] Built target ament_cmake_python_build_micro_ros_msgs_egg
[0.640s] [  4%] Built target micro_ros_msgs__cpp
[0.645s] [  6%] [32mBuilding C object CMakeFiles/micro_ros_msgs__rosidl_generator_c.dir/rosidl_generator_c/micro_ros_msgs/msg/detail/graph__functions.c.o[0m
[0.652s] [  8%] [32mBuilding C object CMakeFiles/micro_ros_msgs__rosidl_generator_c.dir/rosidl_generator_c/micro_ros_msgs/msg/detail/entity__functions.c.o[0m
[0.655s] [ 10%] [32mBuilding C object CMakeFiles/micro_ros_msgs__rosidl_generator_c.dir/rosidl_generator_c/micro_ros_msgs/msg/detail/node__functions.c.o[0m
[0.657s] [ 12%] [34m[1mGenerating C++ type support dispatch for ROS interfaces[0m
[0.658s] [ 14%] [34m[1mGenerating C++ introspection for ROS interfaces[0m
[0.670s] [ 17%] [34m[1mGenerating C++ type support for eProsima Fast-RTPS[0m
[0.759s] [ 19%] [32m[1mLinking C shared library libmicro_ros_msgs__rosidl_generator_c.so[0m
[0.863s] [ 19%] Built target micro_ros_msgs__rosidl_generator_c
[0.894s] [ 23%] [34m[1mGenerating C type support for eProsima Fast-RTPS[0m
[0.901s] [ 25%] [34m[1mGenerating C introspection for ROS interfaces[0m
[0.901s] [ 25%] [34m[1mGenerating C type support dispatch for ROS interfaces[0m
[1.730s] [ 27%] [32mBuilding CXX object CMakeFiles/micro_ros_msgs__rosidl_typesupport_introspection_cpp.dir/rosidl_typesupport_introspection_cpp/micro_ros_msgs/msg/detail/graph__type_support.cpp.o[0m
[1.741s] [ 29%] [32mBuilding CXX object CMakeFiles/micro_ros_msgs__rosidl_typesupport_introspection_cpp.dir/rosidl_typesupport_introspection_cpp/micro_ros_msgs/msg/detail/entity__type_support.cpp.o[0m
[1.752s] [ 31%] [32mBuilding CXX object CMakeFiles/micro_ros_msgs__rosidl_typesupport_introspection_cpp.dir/rosidl_typesupport_introspection_cpp/micro_ros_msgs/msg/detail/node__type_support.cpp.o[0m
[2.157s] [ 34%] [32mBuilding CXX object CMakeFiles/micro_ros_msgs__rosidl_typesupport_cpp.dir/rosidl_typesupport_cpp/micro_ros_msgs/msg/graph__type_support.cpp.o[0m
[2.516s] [ 36%] [32mBuilding CXX object CMakeFiles/micro_ros_msgs__rosidl_typesupport_fastrtps_cpp.dir/rosidl_typesupport_fastrtps_cpp/micro_ros_msgs/msg/detail/dds_fastrtps/graph__type_support.cpp.o[0m
[2.753s] [ 38%] [32mBuilding CXX object CMakeFiles/micro_ros_msgs__rosidl_typesupport_fastrtps_c.dir/rosidl_typesupport_fastrtps_c/micro_ros_msgs/msg/detail/graph__type_support_c.cpp.o[0m
[2.754s] [ 40%] [32mBuilding C object CMakeFiles/micro_ros_msgs__rosidl_typesupport_introspection_c.dir/rosidl_typesupport_introspection_c/micro_ros_msgs/msg/detail/graph__type_support.c.o[0m
[2.850s] [ 42%] [32mBuilding CXX object CMakeFiles/micro_ros_msgs__rosidl_typesupport_c.dir/rosidl_typesupport_c/micro_ros_msgs/msg/graph__type_support.cpp.o[0m
[2.937s] [ 44%] [32mBuilding C object CMakeFiles/micro_ros_msgs__rosidl_typesupport_introspection_c.dir/rosidl_typesupport_introspection_c/micro_ros_msgs/msg/detail/node__type_support.c.o[0m
[2.939s] [ 46%] [32mBuilding CXX object CMakeFiles/micro_ros_msgs__rosidl_typesupport_c.dir/rosidl_typesupport_c/micro_ros_msgs/msg/node__type_support.cpp.o[0m
[3.014s] [ 48%] [32mBuilding C object CMakeFiles/micro_ros_msgs__rosidl_typesupport_introspection_c.dir/rosidl_typesupport_introspection_c/micro_ros_msgs/msg/detail/entity__type_support.c.o[0m
[3.020s] [ 51%] [32mBuilding CXX object CMakeFiles/micro_ros_msgs__rosidl_typesupport_c.dir/rosidl_typesupport_c/micro_ros_msgs/msg/entity__type_support.cpp.o[0m
[3.111s] [ 53%] [32m[1mLinking C shared library libmicro_ros_msgs__rosidl_typesupport_introspection_c.so[0m
[3.138s] [ 55%] [32m[1mLinking CXX shared library libmicro_ros_msgs__rosidl_typesupport_c.so[0m
[3.250s] [ 55%] Built target micro_ros_msgs__rosidl_typesupport_introspection_c
[3.272s] [ 57%] [32mBuilding CXX object CMakeFiles/micro_ros_msgs__rosidl_typesupport_fastrtps_cpp.dir/rosidl_typesupport_fastrtps_cpp/micro_ros_msgs/msg/detail/dds_fastrtps/node__type_support.cpp.o[0m
[3.329s] [ 57%] Built target micro_ros_msgs__rosidl_typesupport_c
[3.355s] [ 59%] [32mBuilding CXX object CMakeFiles/micro_ros_msgs__rosidl_typesupport_cpp.dir/rosidl_typesupport_cpp/micro_ros_msgs/msg/node__type_support.cpp.o[0m
[3.467s] [ 61%] [32mBuilding CXX object CMakeFiles/micro_ros_msgs__rosidl_typesupport_cpp.dir/rosidl_typesupport_cpp/micro_ros_msgs/msg/entity__type_support.cpp.o[0m
[3.558s] [ 63%] [32mBuilding CXX object CMakeFiles/micro_ros_msgs__rosidl_typesupport_fastrtps_cpp.dir/rosidl_typesupport_fastrtps_cpp/micro_ros_msgs/msg/detail/dds_fastrtps/entity__type_support.cpp.o[0m
[3.559s] [ 65%] [32mBuilding CXX object CMakeFiles/micro_ros_msgs__rosidl_typesupport_fastrtps_c.dir/rosidl_typesupport_fastrtps_c/micro_ros_msgs/msg/detail/node__type_support_c.cpp.o[0m
[4.103s] [ 68%] [32mBuilding CXX object CMakeFiles/micro_ros_msgs__rosidl_typesupport_fastrtps_c.dir/rosidl_typesupport_fastrtps_c/micro_ros_msgs/msg/detail/entity__type_support_c.cpp.o[0m
[4.240s] [ 70%] [32m[1mLinking CXX shared library libmicro_ros_msgs__rosidl_typesupport_introspection_cpp.so[0m
[4.354s] [ 72%] [32m[1mLinking CXX shared library libmicro_ros_msgs__rosidl_typesupport_cpp.so[0m
[4.471s] [ 72%] Built target micro_ros_msgs__rosidl_typesupport_cpp
[4.631s] [ 72%] Built target micro_ros_msgs__rosidl_typesupport_introspection_cpp
[5.009s] [ 74%] [32m[1mLinking CXX shared library libmicro_ros_msgs__rosidl_typesupport_fastrtps_c.so[0m
[5.292s] [ 74%] Built target micro_ros_msgs__rosidl_typesupport_fastrtps_c
[5.394s] [ 76%] [32m[1mLinking CXX shared library libmicro_ros_msgs__rosidl_typesupport_fastrtps_cpp.so[0m
[5.594s] [ 76%] Built target micro_ros_msgs__rosidl_typesupport_fastrtps_cpp
[5.654s] [ 76%] Built target micro_ros_msgs
[5.704s] [ 78%] [34m[1mGenerating Python code for ROS interfaces[0m
[6.472s] [ 78%] Built target micro_ros_msgs__py
[6.496s] [ 82%] [32mBuilding C object CMakeFiles/micro_ros_msgs__rosidl_generator_py.dir/rosidl_generator_py/micro_ros_msgs/msg/_entity_s.c.o[0m
[6.496s] [ 85%] [32mBuilding C object CMakeFiles/micro_ros_msgs__rosidl_generator_py.dir/rosidl_generator_py/micro_ros_msgs/msg/_node_s.c.o[0m
[6.497s] [ 85%] [32mBuilding C object CMakeFiles/micro_ros_msgs__rosidl_generator_py.dir/rosidl_generator_py/micro_ros_msgs/msg/_graph_s.c.o[0m
[6.660s] [ 87%] [32m[1mLinking C shared library rosidl_generator_py/micro_ros_msgs/libmicro_ros_msgs__rosidl_generator_py.so[0m
[6.710s] [ 87%] Built target micro_ros_msgs__rosidl_generator_py
[6.745s] [ 89%] [32mBuilding C object CMakeFiles/micro_ros_msgs__rosidl_typesupport_introspection_c__pyext.dir/rosidl_generator_py/micro_ros_msgs/_micro_ros_msgs_s.ep.rosidl_typesupport_introspection_c.c.o[0m
[6.749s] [ 91%] [32mBuilding C object CMakeFiles/micro_ros_msgs__rosidl_typesupport_fastrtps_c__pyext.dir/rosidl_generator_py/micro_ros_msgs/_micro_ros_msgs_s.ep.rosidl_typesupport_fastrtps_c.c.o[0m
[6.751s] [ 93%] [32mBuilding C object CMakeFiles/micro_ros_msgs__rosidl_typesupport_c__pyext.dir/rosidl_generator_py/micro_ros_msgs/_micro_ros_msgs_s.ep.rosidl_typesupport_c.c.o[0m
[6.902s] [ 95%] [32m[1mLinking C shared library rosidl_generator_py/micro_ros_msgs/micro_ros_msgs_s__rosidl_typesupport_c.cpython-310-x86_64-linux-gnu.so[0m
[6.912s] [ 97%] [32m[1mLinking C shared library rosidl_generator_py/micro_ros_msgs/micro_ros_msgs_s__rosidl_typesupport_introspection_c.cpython-310-x86_64-linux-gnu.so[0m
[6.919s] [100%] [32m[1mLinking C shared library rosidl_generator_py/micro_ros_msgs/micro_ros_msgs_s__rosidl_typesupport_fastrtps_c.cpython-310-x86_64-linux-gnu.so[0m
[6.959s] [100%] Built target micro_ros_msgs__rosidl_typesupport_c__pyext
[6.968s] [100%] Built target micro_ros_msgs__rosidl_typesupport_fastrtps_c__pyext
[6.968s] [100%] Built target micro_ros_msgs__rosidl_typesupport_introspection_c__pyext
[6.979s] Invoked command in '/home/jg/ros_rlr/build/micro_ros_msgs' returned '0': CMAKE_PREFIX_PATH=/opt/ros/humble /usr/bin/cmake --build /home/jg/ros_rlr/build/micro_ros_msgs -- -j8 -l8
[7.058s] Invoking command in '/home/jg/ros_rlr/build/micro_ros_msgs': CMAKE_PREFIX_PATH=/opt/ros/humble /usr/bin/cmake --install /home/jg/ros_rlr/build/micro_ros_msgs
[7.068s] -- Install configuration: ""
[7.070s] -- Installing: /home/jg/ros_rlr/install/micro_ros_msgs/share/ament_index/resource_index/rosidl_interfaces/micro_ros_msgs
[7.071s] -- Up-to-date: /home/jg/ros_rlr/install/micro_ros_msgs/include/micro_ros_msgs/micro_ros_msgs
[7.071s] -- Up-to-date: /home/jg/ros_rlr/install/micro_ros_msgs/include/micro_ros_msgs/micro_ros_msgs/msg
[7.071s] -- Installing: /home/jg/ros_rlr/install/micro_ros_msgs/include/micro_ros_msgs/micro_ros_msgs/msg/rosidl_generator_c__visibility_control.h
[7.071s] -- Installing: /home/jg/ros_rlr/install/micro_ros_msgs/include/micro_ros_msgs/micro_ros_msgs/msg/entity.h
[7.071s] -- Installing: /home/jg/ros_rlr/install/micro_ros_msgs/include/micro_ros_msgs/micro_ros_msgs/msg/node.h
[7.071s] -- Up-to-date: /home/jg/ros_rlr/install/micro_ros_msgs/include/micro_ros_msgs/micro_ros_msgs/msg/detail
[7.071s] -- Installing: /home/jg/ros_rlr/install/micro_ros_msgs/include/micro_ros_msgs/micro_ros_msgs/msg/detail/graph__type_support.h
[7.071s] -- Installing: /home/jg/ros_rlr/install/micro_ros_msgs/include/micro_ros_msgs/micro_ros_msgs/msg/detail/graph__struct.h
[7.071s] -- Installing: /home/jg/ros_rlr/install/micro_ros_msgs/include/micro_ros_msgs/micro_ros_msgs/msg/detail/node__functions.h
[7.071s] -- Installing: /home/jg/ros_rlr/install/micro_ros_msgs/include/micro_ros_msgs/micro_ros_msgs/msg/detail/entity__type_support.h
[7.071s] -- Installing: /home/jg/ros_rlr/install/micro_ros_msgs/include/micro_ros_msgs/micro_ros_msgs/msg/detail/graph__functions.h
[7.071s] -- Installing: /home/jg/ros_rlr/install/micro_ros_msgs/include/micro_ros_msgs/micro_ros_msgs/msg/detail/node__type_support.h
[7.071s] -- Installing: /home/jg/ros_rlr/install/micro_ros_msgs/include/micro_ros_msgs/micro_ros_msgs/msg/detail/node__struct.h
[7.071s] -- Installing: /home/jg/ros_rlr/install/micro_ros_msgs/include/micro_ros_msgs/micro_ros_msgs/msg/detail/entity__struct.h
[7.072s] -- Installing: /home/jg/ros_rlr/install/micro_ros_msgs/include/micro_ros_msgs/micro_ros_msgs/msg/detail/entity__functions.h
[7.072s] -- Installing: /home/jg/ros_rlr/install/micro_ros_msgs/include/micro_ros_msgs/micro_ros_msgs/msg/detail/entity__functions.c
[7.072s] -- Installing: /home/jg/ros_rlr/install/micro_ros_msgs/include/micro_ros_msgs/micro_ros_msgs/msg/detail/graph__functions.c
[7.072s] -- Installing: /home/jg/ros_rlr/install/micro_ros_msgs/include/micro_ros_msgs/micro_ros_msgs/msg/detail/node__functions.c
[7.072s] -- Installing: /home/jg/ros_rlr/install/micro_ros_msgs/include/micro_ros_msgs/micro_ros_msgs/msg/graph.h
[7.072s] -- Installing: /home/jg/ros_rlr/install/micro_ros_msgs/share/micro_ros_msgs/environment/library_path.sh
[7.072s] -- Installing: /home/jg/ros_rlr/install/micro_ros_msgs/share/micro_ros_msgs/environment/library_path.dsv
[7.072s] -- Installing: /home/jg/ros_rlr/install/micro_ros_msgs/lib/libmicro_ros_msgs__rosidl_generator_c.so
[7.072s] -- Set runtime path of "/home/jg/ros_rlr/install/micro_ros_msgs/lib/libmicro_ros_msgs__rosidl_generator_c.so" to ""
[7.072s] -- Up-to-date: /home/jg/ros_rlr/install/micro_ros_msgs/include/micro_ros_msgs/micro_ros_msgs
[7.073s] -- Up-to-date: /home/jg/ros_rlr/install/micro_ros_msgs/include/micro_ros_msgs/micro_ros_msgs/msg
[7.073s] -- Up-to-date: /home/jg/ros_rlr/install/micro_ros_msgs/include/micro_ros_msgs/micro_ros_msgs/msg/detail
[7.073s] -- Installing: /home/jg/ros_rlr/install/micro_ros_msgs/include/micro_ros_msgs/micro_ros_msgs/msg/detail/graph__rosidl_typesupport_fastrtps_c.h
[7.073s] -- Installing: /home/jg/ros_rlr/install/micro_ros_msgs/include/micro_ros_msgs/micro_ros_msgs/msg/detail/node__rosidl_typesupport_fastrtps_c.h
[7.073s] -- Installing: /home/jg/ros_rlr/install/micro_ros_msgs/include/micro_ros_msgs/micro_ros_msgs/msg/detail/entity__rosidl_typesupport_fastrtps_c.h
[7.073s] -- Installing: /home/jg/ros_rlr/install/micro_ros_msgs/include/micro_ros_msgs/micro_ros_msgs/msg/rosidl_typesupport_fastrtps_c__visibility_control.h
[7.073s] -- Installing: /home/jg/ros_rlr/install/micro_ros_msgs/lib/libmicro_ros_msgs__rosidl_typesupport_fastrtps_c.so
[7.073s] -- Set runtime path of "/home/jg/ros_rlr/install/micro_ros_msgs/lib/libmicro_ros_msgs__rosidl_typesupport_fastrtps_c.so" to ""
[7.073s] -- Up-to-date: /home/jg/ros_rlr/install/micro_ros_msgs/include/micro_ros_msgs/micro_ros_msgs
[7.073s] -- Up-to-date: /home/jg/ros_rlr/install/micro_ros_msgs/include/micro_ros_msgs/micro_ros_msgs/msg
[7.073s] -- Up-to-date: /home/jg/ros_rlr/install/micro_ros_msgs/include/micro_ros_msgs/micro_ros_msgs/msg/detail
[7.074s] -- Installing: /home/jg/ros_rlr/install/micro_ros_msgs/include/micro_ros_msgs/micro_ros_msgs/msg/detail/graph__rosidl_typesupport_introspection_c.h
[7.074s] -- Installing: /home/jg/ros_rlr/install/micro_ros_msgs/include/micro_ros_msgs/micro_ros_msgs/msg/detail/graph__type_support.c
[7.074s] -- Installing: /home/jg/ros_rlr/install/micro_ros_msgs/include/micro_ros_msgs/micro_ros_msgs/msg/detail/entity__type_support.c
[7.074s] -- Installing: /home/jg/ros_rlr/install/micro_ros_msgs/include/micro_ros_msgs/micro_ros_msgs/msg/detail/node__rosidl_typesupport_introspection_c.h
[7.074s] -- Installing: /home/jg/ros_rlr/install/micro_ros_msgs/include/micro_ros_msgs/micro_ros_msgs/msg/detail/entity__rosidl_typesupport_introspection_c.h
[7.074s] -- Installing: /home/jg/ros_rlr/install/micro_ros_msgs/include/micro_ros_msgs/micro_ros_msgs/msg/detail/node__type_support.c
[7.074s] -- Installing: /home/jg/ros_rlr/install/micro_ros_msgs/include/micro_ros_msgs/micro_ros_msgs/msg/rosidl_typesupport_introspection_c__visibility_control.h
[7.074s] -- Installing: /home/jg/ros_rlr/install/micro_ros_msgs/lib/libmicro_ros_msgs__rosidl_typesupport_introspection_c.so
[7.074s] -- Set runtime path of "/home/jg/ros_rlr/install/micro_ros_msgs/lib/libmicro_ros_msgs__rosidl_typesupport_introspection_c.so" to ""
[7.074s] -- Installing: /home/jg/ros_rlr/install/micro_ros_msgs/lib/libmicro_ros_msgs__rosidl_typesupport_c.so
[7.075s] -- Set runtime path of "/home/jg/ros_rlr/install/micro_ros_msgs/lib/libmicro_ros_msgs__rosidl_typesupport_c.so" to ""
[7.075s] -- Up-to-date: /home/jg/ros_rlr/install/micro_ros_msgs/include/micro_ros_msgs/micro_ros_msgs
[7.075s] -- Up-to-date: /home/jg/ros_rlr/install/micro_ros_msgs/include/micro_ros_msgs/micro_ros_msgs/msg
[7.075s] -- Installing: /home/jg/ros_rlr/install/micro_ros_msgs/include/micro_ros_msgs/micro_ros_msgs/msg/graph.hpp
[7.075s] -- Installing: /home/jg/ros_rlr/install/micro_ros_msgs/include/micro_ros_msgs/micro_ros_msgs/msg/node.hpp
[7.075s] -- Installing: /home/jg/ros_rlr/install/micro_ros_msgs/include/micro_ros_msgs/micro_ros_msgs/msg/entity.hpp
[7.076s] -- Up-to-date: /home/jg/ros_rlr/install/micro_ros_msgs/include/micro_ros_msgs/micro_ros_msgs/msg/detail
[7.076s] -- Installing: /home/jg/ros_rlr/install/micro_ros_msgs/include/micro_ros_msgs/micro_ros_msgs/msg/detail/entity__traits.hpp
[7.077s] -- Installing: /home/jg/ros_rlr/install/micro_ros_msgs/include/micro_ros_msgs/micro_ros_msgs/msg/detail/graph__struct.hpp
[7.077s] -- Installing: /home/jg/ros_rlr/install/micro_ros_msgs/include/micro_ros_msgs/micro_ros_msgs/msg/detail/node__builder.hpp
[7.077s] -- Installing: /home/jg/ros_rlr/install/micro_ros_msgs/include/micro_ros_msgs/micro_ros_msgs/msg/detail/graph__traits.hpp
[7.077s] -- Installing: /home/jg/ros_rlr/install/micro_ros_msgs/include/micro_ros_msgs/micro_ros_msgs/msg/detail/node__struct.hpp
[7.077s] -- Installing: /home/jg/ros_rlr/install/micro_ros_msgs/include/micro_ros_msgs/micro_ros_msgs/msg/detail/entity__builder.hpp
[7.077s] -- Installing: /home/jg/ros_rlr/install/micro_ros_msgs/include/micro_ros_msgs/micro_ros_msgs/msg/detail/graph__builder.hpp
[7.077s] -- Installing: /home/jg/ros_rlr/install/micro_ros_msgs/include/micro_ros_msgs/micro_ros_msgs/msg/detail/entity__struct.hpp
[7.077s] -- Installing: /home/jg/ros_rlr/install/micro_ros_msgs/include/micro_ros_msgs/micro_ros_msgs/msg/detail/node__traits.hpp
[7.077s] -- Up-to-date: /home/jg/ros_rlr/install/micro_ros_msgs/include/micro_ros_msgs/micro_ros_msgs
[7.077s] -- Up-to-date: /home/jg/ros_rlr/install/micro_ros_msgs/include/micro_ros_msgs/micro_ros_msgs/msg
[7.077s] -- Installing: /home/jg/ros_rlr/install/micro_ros_msgs/include/micro_ros_msgs/micro_ros_msgs/msg/rosidl_typesupport_fastrtps_cpp__visibility_control.h
[7.078s] -- Up-to-date: /home/jg/ros_rlr/install/micro_ros_msgs/include/micro_ros_msgs/micro_ros_msgs/msg/detail
[7.078s] -- Installing: /home/jg/ros_rlr/install/micro_ros_msgs/include/micro_ros_msgs/micro_ros_msgs/msg/detail/node__rosidl_typesupport_fastrtps_cpp.hpp
[7.078s] -- Installing: /home/jg/ros_rlr/install/micro_ros_msgs/include/micro_ros_msgs/micro_ros_msgs/msg/detail/entity__rosidl_typesupport_fastrtps_cpp.hpp
[7.078s] -- Installing: /home/jg/ros_rlr/install/micro_ros_msgs/include/micro_ros_msgs/micro_ros_msgs/msg/detail/graph__rosidl_typesupport_fastrtps_cpp.hpp
[7.078s] -- Up-to-date: /home/jg/ros_rlr/install/micro_ros_msgs/include/micro_ros_msgs/micro_ros_msgs/msg/detail/dds_fastrtps
[7.078s] -- Installing: /home/jg/ros_rlr/install/micro_ros_msgs/lib/libmicro_ros_msgs__rosidl_typesupport_fastrtps_cpp.so
[7.078s] -- Set runtime path of "/home/jg/ros_rlr/install/micro_ros_msgs/lib/libmicro_ros_msgs__rosidl_typesupport_fastrtps_cpp.so" to ""
[7.078s] -- Up-to-date: /home/jg/ros_rlr/install/micro_ros_msgs/include/micro_ros_msgs/micro_ros_msgs
[7.078s] -- Up-to-date: /home/jg/ros_rlr/install/micro_ros_msgs/include/micro_ros_msgs/micro_ros_msgs/msg
[7.078s] -- Up-to-date: /home/jg/ros_rlr/install/micro_ros_msgs/include/micro_ros_msgs/micro_ros_msgs/msg/detail
[7.078s] -- Installing: /home/jg/ros_rlr/install/micro_ros_msgs/include/micro_ros_msgs/micro_ros_msgs/msg/detail/graph__rosidl_typesupport_introspection_cpp.hpp
[7.079s] -- Installing: /home/jg/ros_rlr/install/micro_ros_msgs/include/micro_ros_msgs/micro_ros_msgs/msg/detail/entity__type_support.cpp
[7.079s] -- Installing: /home/jg/ros_rlr/install/micro_ros_msgs/include/micro_ros_msgs/micro_ros_msgs/msg/detail/node__type_support.cpp
[7.079s] -- Installing: /home/jg/ros_rlr/install/micro_ros_msgs/include/micro_ros_msgs/micro_ros_msgs/msg/detail/graph__type_support.cpp
[7.079s] -- Installing: /home/jg/ros_rlr/install/micro_ros_msgs/include/micro_ros_msgs/micro_ros_msgs/msg/detail/node__rosidl_typesupport_introspection_cpp.hpp
[7.079s] -- Installing: /home/jg/ros_rlr/install/micro_ros_msgs/include/micro_ros_msgs/micro_ros_msgs/msg/detail/entity__rosidl_typesupport_introspection_cpp.hpp
[7.079s] -- Installing: /home/jg/ros_rlr/install/micro_ros_msgs/lib/libmicro_ros_msgs__rosidl_typesupport_introspection_cpp.so
[7.079s] -- Set runtime path of "/home/jg/ros_rlr/install/micro_ros_msgs/lib/libmicro_ros_msgs__rosidl_typesupport_introspection_cpp.so" to ""
[7.079s] -- Installing: /home/jg/ros_rlr/install/micro_ros_msgs/lib/libmicro_ros_msgs__rosidl_typesupport_cpp.so
[7.080s] -- Set runtime path of "/home/jg/ros_rlr/install/micro_ros_msgs/lib/libmicro_ros_msgs__rosidl_typesupport_cpp.so" to ""
[7.080s] -- Installing: /home/jg/ros_rlr/install/micro_ros_msgs/share/micro_ros_msgs/environment/pythonpath.sh
[7.080s] -- Installing: /home/jg/ros_rlr/install/micro_ros_msgs/share/micro_ros_msgs/environment/pythonpath.dsv
[7.080s] -- Up-to-date: /home/jg/ros_rlr/install/micro_ros_msgs/local/lib/python3.10/dist-packages/micro_ros_msgs-3.0.1-py3.10.egg-info
[7.080s] -- Installing: /home/jg/ros_rlr/install/micro_ros_msgs/local/lib/python3.10/dist-packages/micro_ros_msgs-3.0.1-py3.10.egg-info/SOURCES.txt
[7.080s] -- Installing: /home/jg/ros_rlr/install/micro_ros_msgs/local/lib/python3.10/dist-packages/micro_ros_msgs-3.0.1-py3.10.egg-info/top_level.txt
[7.080s] -- Installing: /home/jg/ros_rlr/install/micro_ros_msgs/local/lib/python3.10/dist-packages/micro_ros_msgs-3.0.1-py3.10.egg-info/dependency_links.txt
[7.081s] -- Installing: /home/jg/ros_rlr/install/micro_ros_msgs/local/lib/python3.10/dist-packages/micro_ros_msgs-3.0.1-py3.10.egg-info/PKG-INFO
[7.081s] -- Up-to-date: /home/jg/ros_rlr/install/micro_ros_msgs/local/lib/python3.10/dist-packages/micro_ros_msgs
[7.081s] -- Installing: /home/jg/ros_rlr/install/micro_ros_msgs/local/lib/python3.10/dist-packages/micro_ros_msgs/__init__.py
[7.081s] -- Up-to-date: /home/jg/ros_rlr/install/micro_ros_msgs/local/lib/python3.10/dist-packages/micro_ros_msgs/msg
[7.081s] -- Installing: /home/jg/ros_rlr/install/micro_ros_msgs/local/lib/python3.10/dist-packages/micro_ros_msgs/msg/__init__.py
[7.081s] -- Installing: /home/jg/ros_rlr/install/micro_ros_msgs/local/lib/python3.10/dist-packages/micro_ros_msgs/msg/_node.py
[7.081s] -- Installing: /home/jg/ros_rlr/install/micro_ros_msgs/local/lib/python3.10/dist-packages/micro_ros_msgs/msg/_node_s.c
[7.081s] -- Installing: /home/jg/ros_rlr/install/micro_ros_msgs/local/lib/python3.10/dist-packages/micro_ros_msgs/msg/_entity_s.c
[7.082s] -- Installing: /home/jg/ros_rlr/install/micro_ros_msgs/local/lib/python3.10/dist-packages/micro_ros_msgs/msg/_graph_s.c
[7.082s] -- Installing: /home/jg/ros_rlr/install/micro_ros_msgs/local/lib/python3.10/dist-packages/micro_ros_msgs/msg/_graph.py
[7.082s] -- Installing: /home/jg/ros_rlr/install/micro_ros_msgs/local/lib/python3.10/dist-packages/micro_ros_msgs/msg/_entity.py
[7.082s] -- Installing: /home/jg/ros_rlr/install/micro_ros_msgs/local/lib/python3.10/dist-packages/micro_ros_msgs/micro_ros_msgs_s__rosidl_typesupport_introspection_c.cpython-310-x86_64-linux-gnu.so
[7.082s] -- Installing: /home/jg/ros_rlr/install/micro_ros_msgs/local/lib/python3.10/dist-packages/micro_ros_msgs/micro_ros_msgs_s__rosidl_typesupport_fastrtps_c.cpython-310-x86_64-linux-gnu.so
[7.082s] -- Installing: /home/jg/ros_rlr/install/micro_ros_msgs/local/lib/python3.10/dist-packages/micro_ros_msgs/micro_ros_msgs_s__rosidl_typesupport_c.cpython-310-x86_64-linux-gnu.so
[7.083s] -- Installing: /home/jg/ros_rlr/install/micro_ros_msgs/local/lib/python3.10/dist-packages/micro_ros_msgs/_micro_ros_msgs_s.ep.rosidl_typesupport_c.c
[7.083s] -- Installing: /home/jg/ros_rlr/install/micro_ros_msgs/local/lib/python3.10/dist-packages/micro_ros_msgs/_micro_ros_msgs_s.ep.rosidl_typesupport_introspection_c.c
[7.083s] -- Installing: /home/jg/ros_rlr/install/micro_ros_msgs/local/lib/python3.10/dist-packages/micro_ros_msgs/_micro_ros_msgs_s.ep.rosidl_typesupport_fastrtps_c.c
[7.083s] -- Installing: /home/jg/ros_rlr/install/micro_ros_msgs/local/lib/python3.10/dist-packages/micro_ros_msgs/libmicro_ros_msgs__rosidl_generator_py.so
[7.135s] Listing '/home/jg/ros_rlr/install/micro_ros_msgs/local/lib/python3.10/dist-packages/micro_ros_msgs'...
[7.135s] Compiling '/home/jg/ros_rlr/install/micro_ros_msgs/local/lib/python3.10/dist-packages/micro_ros_msgs/__init__.py'...
[7.135s] Listing '/home/jg/ros_rlr/install/micro_ros_msgs/local/lib/python3.10/dist-packages/micro_ros_msgs/msg'...
[7.135s] Compiling '/home/jg/ros_rlr/install/micro_ros_msgs/local/lib/python3.10/dist-packages/micro_ros_msgs/msg/__init__.py'...
[7.135s] Compiling '/home/jg/ros_rlr/install/micro_ros_msgs/local/lib/python3.10/dist-packages/micro_ros_msgs/msg/_entity.py'...
[7.135s] Compiling '/home/jg/ros_rlr/install/micro_ros_msgs/local/lib/python3.10/dist-packages/micro_ros_msgs/msg/_graph.py'...
[7.135s] Compiling '/home/jg/ros_rlr/install/micro_ros_msgs/local/lib/python3.10/dist-packages/micro_ros_msgs/msg/_node.py'...
[7.140s] -- Installing: /home/jg/ros_rlr/install/micro_ros_msgs/local/lib/python3.10/dist-packages/micro_ros_msgs/micro_ros_msgs_s__rosidl_typesupport_fastrtps_c.cpython-310-x86_64-linux-gnu.so
[7.140s] -- Set runtime path of "/home/jg/ros_rlr/install/micro_ros_msgs/local/lib/python3.10/dist-packages/micro_ros_msgs/micro_ros_msgs_s__rosidl_typesupport_fastrtps_c.cpython-310-x86_64-linux-gnu.so" to ""
[7.141s] -- Installing: /home/jg/ros_rlr/install/micro_ros_msgs/local/lib/python3.10/dist-packages/micro_ros_msgs/micro_ros_msgs_s__rosidl_typesupport_introspection_c.cpython-310-x86_64-linux-gnu.so
[7.141s] -- Set runtime path of "/home/jg/ros_rlr/install/micro_ros_msgs/local/lib/python3.10/dist-packages/micro_ros_msgs/micro_ros_msgs_s__rosidl_typesupport_introspection_c.cpython-310-x86_64-linux-gnu.so" to ""
[7.142s] -- Installing: /home/jg/ros_rlr/install/micro_ros_msgs/local/lib/python3.10/dist-packages/micro_ros_msgs/micro_ros_msgs_s__rosidl_typesupport_c.cpython-310-x86_64-linux-gnu.so
[7.142s] -- Set runtime path of "/home/jg/ros_rlr/install/micro_ros_msgs/local/lib/python3.10/dist-packages/micro_ros_msgs/micro_ros_msgs_s__rosidl_typesupport_c.cpython-310-x86_64-linux-gnu.so" to ""
[7.142s] -- Installing: /home/jg/ros_rlr/install/micro_ros_msgs/lib/libmicro_ros_msgs__rosidl_generator_py.so
[7.142s] -- Set runtime path of "/home/jg/ros_rlr/install/micro_ros_msgs/lib/libmicro_ros_msgs__rosidl_generator_py.so" to ""
[7.142s] -- Installing: /home/jg/ros_rlr/install/micro_ros_msgs/share/micro_ros_msgs/msg/Graph.idl
[7.143s] -- Installing: /home/jg/ros_rlr/install/micro_ros_msgs/share/micro_ros_msgs/msg/Node.idl
[7.143s] -- Installing: /home/jg/ros_rlr/install/micro_ros_msgs/share/micro_ros_msgs/msg/Entity.idl
[7.143s] -- Installing: /home/jg/ros_rlr/install/micro_ros_msgs/share/micro_ros_msgs/msg/Graph.msg
[7.143s] -- Installing: /home/jg/ros_rlr/install/micro_ros_msgs/share/micro_ros_msgs/msg/Node.msg
[7.144s] -- Installing: /home/jg/ros_rlr/install/micro_ros_msgs/share/micro_ros_msgs/msg/Entity.msg
[7.144s] -- Installing: /home/jg/ros_rlr/install/micro_ros_msgs/share/ament_index/resource_index/package_run_dependencies/micro_ros_msgs
[7.144s] -- Installing: /home/jg/ros_rlr/install/micro_ros_msgs/share/ament_index/resource_index/parent_prefix_path/micro_ros_msgs
[7.145s] -- Installing: /home/jg/ros_rlr/install/micro_ros_msgs/share/micro_ros_msgs/environment/ament_prefix_path.sh
[7.145s] -- Installing: /home/jg/ros_rlr/install/micro_ros_msgs/share/micro_ros_msgs/environment/ament_prefix_path.dsv
[7.145s] -- Installing: /home/jg/ros_rlr/install/micro_ros_msgs/share/micro_ros_msgs/environment/path.sh
[7.145s] -- Installing: /home/jg/ros_rlr/install/micro_ros_msgs/share/micro_ros_msgs/environment/path.dsv
[7.145s] -- Installing: /home/jg/ros_rlr/install/micro_ros_msgs/share/micro_ros_msgs/local_setup.bash
[7.145s] -- Installing: /home/jg/ros_rlr/install/micro_ros_msgs/share/micro_ros_msgs/local_setup.sh
[7.147s] -- Installing: /home/jg/ros_rlr/install/micro_ros_msgs/share/micro_ros_msgs/local_setup.zsh
[7.148s] -- Installing: /home/jg/ros_rlr/install/micro_ros_msgs/share/micro_ros_msgs/local_setup.dsv
[7.148s] -- Installing: /home/jg/ros_rlr/install/micro_ros_msgs/share/micro_ros_msgs/package.dsv
[7.148s] -- Installing: /home/jg/ros_rlr/install/micro_ros_msgs/share/ament_index/resource_index/packages/micro_ros_msgs
[7.148s] -- Installing: /home/jg/ros_rlr/install/micro_ros_msgs/share/micro_ros_msgs/cmake/export_micro_ros_msgs__rosidl_generator_cExport.cmake
[7.148s] -- Installing: /home/jg/ros_rlr/install/micro_ros_msgs/share/micro_ros_msgs/cmake/export_micro_ros_msgs__rosidl_generator_cExport-noconfig.cmake
[7.148s] -- Installing: /home/jg/ros_rlr/install/micro_ros_msgs/share/micro_ros_msgs/cmake/export_micro_ros_msgs__rosidl_typesupport_fastrtps_cExport.cmake
[7.148s] -- Installing: /home/jg/ros_rlr/install/micro_ros_msgs/share/micro_ros_msgs/cmake/export_micro_ros_msgs__rosidl_typesupport_fastrtps_cExport-noconfig.cmake
[7.148s] -- Installing: /home/jg/ros_rlr/install/micro_ros_msgs/share/micro_ros_msgs/cmake/micro_ros_msgs__rosidl_typesupport_introspection_cExport.cmake
[7.148s] -- Installing: /home/jg/ros_rlr/install/micro_ros_msgs/share/micro_ros_msgs/cmake/micro_ros_msgs__rosidl_typesupport_introspection_cExport-noconfig.cmake
[7.148s] -- Installing: /home/jg/ros_rlr/install/micro_ros_msgs/share/micro_ros_msgs/cmake/micro_ros_msgs__rosidl_typesupport_cExport.cmake
[7.148s] -- Installing: /home/jg/ros_rlr/install/micro_ros_msgs/share/micro_ros_msgs/cmake/micro_ros_msgs__rosidl_typesupport_cExport-noconfig.cmake
[7.149s] -- Installing: /home/jg/ros_rlr/install/micro_ros_msgs/share/micro_ros_msgs/cmake/export_micro_ros_msgs__rosidl_generator_cppExport.cmake
[7.149s] -- Installing: /home/jg/ros_rlr/install/micro_ros_msgs/share/micro_ros_msgs/cmake/export_micro_ros_msgs__rosidl_typesupport_fastrtps_cppExport.cmake
[7.149s] -- Installing: /home/jg/ros_rlr/install/micro_ros_msgs/share/micro_ros_msgs/cmake/export_micro_ros_msgs__rosidl_typesupport_fastrtps_cppExport-noconfig.cmake
[7.149s] -- Installing: /home/jg/ros_rlr/install/micro_ros_msgs/share/micro_ros_msgs/cmake/micro_ros_msgs__rosidl_typesupport_introspection_cppExport.cmake
[7.149s] -- Installing: /home/jg/ros_rlr/install/micro_ros_msgs/share/micro_ros_msgs/cmake/micro_ros_msgs__rosidl_typesupport_introspection_cppExport-noconfig.cmake
[7.149s] -- Installing: /home/jg/ros_rlr/install/micro_ros_msgs/share/micro_ros_msgs/cmake/micro_ros_msgs__rosidl_typesupport_cppExport.cmake
[7.149s] -- Installing: /home/jg/ros_rlr/install/micro_ros_msgs/share/micro_ros_msgs/cmake/micro_ros_msgs__rosidl_typesupport_cppExport-noconfig.cmake
[7.149s] -- Installing: /home/jg/ros_rlr/install/micro_ros_msgs/share/micro_ros_msgs/cmake/export_micro_ros_msgs__rosidl_generator_pyExport.cmake
[7.149s] -- Installing: /home/jg/ros_rlr/install/micro_ros_msgs/share/micro_ros_msgs/cmake/export_micro_ros_msgs__rosidl_generator_pyExport-noconfig.cmake
[7.150s] -- Installing: /home/jg/ros_rlr/install/micro_ros_msgs/share/micro_ros_msgs/cmake/rosidl_cmake-extras.cmake
[7.150s] -- Installing: /home/jg/ros_rlr/install/micro_ros_msgs/share/micro_ros_msgs/cmake/ament_cmake_export_include_directories-extras.cmake
[7.150s] -- Installing: /home/jg/ros_rlr/install/micro_ros_msgs/share/micro_ros_msgs/cmake/ament_cmake_export_libraries-extras.cmake
[7.150s] -- Installing: /home/jg/ros_rlr/install/micro_ros_msgs/share/micro_ros_msgs/cmake/ament_cmake_export_targets-extras.cmake
[7.151s] -- Installing: /home/jg/ros_rlr/install/micro_ros_msgs/share/micro_ros_msgs/cmake/rosidl_cmake_export_typesupport_targets-extras.cmake
[7.151s] -- Installing: /home/jg/ros_rlr/install/micro_ros_msgs/share/micro_ros_msgs/cmake/ament_cmake_export_dependencies-extras.cmake
[7.151s] -- Installing: /home/jg/ros_rlr/install/micro_ros_msgs/share/micro_ros_msgs/cmake/rosidl_cmake_export_typesupport_libraries-extras.cmake
[7.151s] -- Installing: /home/jg/ros_rlr/install/micro_ros_msgs/share/micro_ros_msgs/cmake/micro_ros_msgsConfig.cmake
[7.151s] -- Installing: /home/jg/ros_rlr/install/micro_ros_msgs/share/micro_ros_msgs/cmake/micro_ros_msgsConfig-version.cmake
[7.151s] -- Installing: /home/jg/ros_rlr/install/micro_ros_msgs/share/micro_ros_msgs/package.xml
[7.154s] Invoked command in '/home/jg/ros_rlr/build/micro_ros_msgs' returned '0': CMAKE_PREFIX_PATH=/opt/ros/humble /usr/bin/cmake --install /home/jg/ros_rlr/build/micro_ros_msgs
