[35m[1mConsolidate compiler generated dependencies of target rplidar_composition_node[0m
[ 77%] Built target rplidar_composition_node
[35m[1mConsolidate compiler generated dependencies of target rplidar_composition[0m
[100%] Built target rplidar_composition
-- Install configuration: ""
-- Installing: /home/jg/ros_rlr/install/rplidar_ros/lib/rplidar_ros/rplidar_composition
-- Set runtime path of "/home/jg/ros_rlr/install/rplidar_ros/lib/rplidar_ros/rplidar_composition" to ""
-- Up-to-date: /home/jg/ros_rlr/install/rplidar_ros/share/rplidar_ros/launch
-- Installing: /home/jg/ros_rlr/install/rplidar_ros/share/rplidar_ros/launch/test_rplidar_a3.launch.py
-- Installing: /home/jg/ros_rlr/install/rplidar_ros/share/rplidar_ros/launch/view_rplidar.launch.py
-- Installing: /home/jg/ros_rlr/install/rplidar_ros/share/rplidar_ros/launch/rplidar_a3.launch.py
-- Installing: /home/jg/ros_rlr/install/rplidar_ros/share/rplidar_ros/launch/rplidar_s1_tcp.launch.py
-- Installing: /home/jg/ros_rlr/install/rplidar_ros/share/rplidar_ros/launch/view_rplidar_s1_tcp.launch.py
-- Installing: /home/jg/ros_rlr/install/rplidar_ros/share/rplidar_ros/launch/view_rplidar_s1.launch.py
-- Installing: /home/jg/ros_rlr/install/rplidar_ros/share/rplidar_ros/launch/view_rplidar_a3.launch.py
-- Installing: /home/jg/ros_rlr/install/rplidar_ros/share/rplidar_ros/launch/rplidar_s1.launch.py
-- Installing: /home/jg/ros_rlr/install/rplidar_ros/share/rplidar_ros/launch/rplidar.launch.py
-- Up-to-date: /home/jg/ros_rlr/install/rplidar_ros/share/rplidar_ros/rviz
-- Installing: /home/jg/ros_rlr/install/rplidar_ros/share/rplidar_ros/rviz/rplidar.rviz
-- Installing: /home/jg/ros_rlr/install/rplidar_ros/lib/librplidar_composition_node.so
-- Set runtime path of "/home/jg/ros_rlr/install/rplidar_ros/lib/librplidar_composition_node.so" to ""
-- Up-to-date: /home/jg/ros_rlr/install/rplidar_ros/include
-- Installing: /home/jg/ros_rlr/install/rplidar_ros/include/rplidar_node.hpp
-- Installing: /home/jg/ros_rlr/install/rplidar_ros/include/visibility.h
-- Up-to-date: /home/jg/ros_rlr/install/rplidar_ros/lib/rplidar_ros/rplidar_composition
-- Up-to-date: /home/jg/ros_rlr/install/rplidar_ros/share/ament_index/resource_index/package_run_dependencies/rplidar_ros
-- Installing: /home/jg/ros_rlr/install/rplidar_ros/share/ament_index/resource_index/parent_prefix_path/rplidar_ros
-- Installing: /home/jg/ros_rlr/install/rplidar_ros/share/rplidar_ros/environment/ament_prefix_path.sh
-- Installing: /home/jg/ros_rlr/install/rplidar_ros/share/rplidar_ros/environment/ament_prefix_path.dsv
-- Installing: /home/jg/ros_rlr/install/rplidar_ros/share/rplidar_ros/environment/path.sh
-- Installing: /home/jg/ros_rlr/install/rplidar_ros/share/rplidar_ros/environment/path.dsv
-- Up-to-date: /home/jg/ros_rlr/install/rplidar_ros/share/rplidar_ros/local_setup.bash
-- Up-to-date: /home/jg/ros_rlr/install/rplidar_ros/share/rplidar_ros/local_setup.sh
-- Up-to-date: /home/jg/ros_rlr/install/rplidar_ros/share/rplidar_ros/local_setup.zsh
-- Installing: /home/jg/ros_rlr/install/rplidar_ros/share/rplidar_ros/local_setup.dsv
-- Installing: /home/jg/ros_rlr/install/rplidar_ros/share/rplidar_ros/package.dsv
-- Up-to-date: /home/jg/ros_rlr/install/rplidar_ros/share/ament_index/resource_index/packages/rplidar_ros
-- Up-to-date: /home/jg/ros_rlr/install/rplidar_ros/share/ament_index/resource_index/rclcpp_components/rplidar_ros
-- Up-to-date: /home/jg/ros_rlr/install/rplidar_ros/share/rplidar_ros/cmake/ament_cmake_export_dependencies-extras.cmake
-- Up-to-date: /home/jg/ros_rlr/install/rplidar_ros/share/rplidar_ros/cmake/ament_cmake_export_include_directories-extras.cmake
-- Up-to-date: /home/jg/ros_rlr/install/rplidar_ros/share/rplidar_ros/cmake/rplidar_rosConfig.cmake
-- Up-to-date: /home/jg/ros_rlr/install/rplidar_ros/share/rplidar_ros/cmake/rplidar_rosConfig-version.cmake
-- Installing: /home/jg/ros_rlr/install/rplidar_ros/share/rplidar_ros/package.xml
