[0.021s] Invoking command in '/home/jg/ros_rlr/build/rplidar_ros': CMAKE_PREFIX_PATH=/opt/ros/humble /usr/bin/cmake --build /home/jg/ros_rlr/build/rplidar_ros -- -j8 -l8
[0.066s] [35m[1mConsolidate compiler generated dependencies of target rplidar_composition_node[0m
[0.107s] [ 77%] Built target rplidar_composition_node
[0.122s] [35m[1mConsolidate compiler generated dependencies of target rplidar_composition[0m
[0.142s] [100%] Built target rplidar_composition
[0.158s] Invoked command in '/home/jg/ros_rlr/build/rplidar_ros' returned '0': CMAKE_PREFIX_PATH=/opt/ros/humble /usr/bin/cmake --build /home/jg/ros_rlr/build/rplidar_ros -- -j8 -l8
[0.226s] Invoking command in '/home/jg/ros_rlr/build/rplidar_ros': CMAKE_PREFIX_PATH=/opt/ros/humble /usr/bin/cmake --install /home/jg/ros_rlr/build/rplidar_ros
[0.233s] -- Install configuration: ""
[0.234s] -- Installing: /home/jg/ros_rlr/install/rplidar_ros/lib/rplidar_ros/rplidar_composition
[0.234s] -- Set runtime path of "/home/jg/ros_rlr/install/rplidar_ros/lib/rplidar_ros/rplidar_composition" to ""
[0.234s] -- Up-to-date: /home/jg/ros_rlr/install/rplidar_ros/share/rplidar_ros/launch
[0.234s] -- Installing: /home/jg/ros_rlr/install/rplidar_ros/share/rplidar_ros/launch/test_rplidar_a3.launch.py
[0.235s] -- Installing: /home/jg/ros_rlr/install/rplidar_ros/share/rplidar_ros/launch/view_rplidar.launch.py
[0.235s] -- Installing: /home/jg/ros_rlr/install/rplidar_ros/share/rplidar_ros/launch/rplidar_a3.launch.py
[0.235s] -- Installing: /home/jg/ros_rlr/install/rplidar_ros/share/rplidar_ros/launch/rplidar_s1_tcp.launch.py
[0.235s] -- Installing: /home/jg/ros_rlr/install/rplidar_ros/share/rplidar_ros/launch/view_rplidar_s1_tcp.launch.py
[0.235s] -- Installing: /home/jg/ros_rlr/install/rplidar_ros/share/rplidar_ros/launch/view_rplidar_s1.launch.py
[0.236s] -- Installing: /home/jg/ros_rlr/install/rplidar_ros/share/rplidar_ros/launch/view_rplidar_a3.launch.py
[0.236s] -- Installing: /home/jg/ros_rlr/install/rplidar_ros/share/rplidar_ros/launch/rplidar_s1.launch.py
[0.236s] -- Installing: /home/jg/ros_rlr/install/rplidar_ros/share/rplidar_ros/launch/rplidar.launch.py
[0.236s] -- Up-to-date: /home/jg/ros_rlr/install/rplidar_ros/share/rplidar_ros/rviz
[0.236s] -- Installing: /home/jg/ros_rlr/install/rplidar_ros/share/rplidar_ros/rviz/rplidar.rviz
[0.238s] -- Installing: /home/jg/ros_rlr/install/rplidar_ros/lib/librplidar_composition_node.so
[0.239s] -- Set runtime path of "/home/jg/ros_rlr/install/rplidar_ros/lib/librplidar_composition_node.so" to ""
[0.243s] -- Up-to-date: /home/jg/ros_rlr/install/rplidar_ros/include
[0.243s] -- Installing: /home/jg/ros_rlr/install/rplidar_ros/include/rplidar_node.hpp
[0.244s] -- Installing: /home/jg/ros_rlr/install/rplidar_ros/include/visibility.h
[0.244s] -- Up-to-date: /home/jg/ros_rlr/install/rplidar_ros/lib/rplidar_ros/rplidar_composition
[0.244s] -- Up-to-date: /home/jg/ros_rlr/install/rplidar_ros/share/ament_index/resource_index/package_run_dependencies/rplidar_ros
[0.244s] -- Installing: /home/jg/ros_rlr/install/rplidar_ros/share/ament_index/resource_index/parent_prefix_path/rplidar_ros
[0.244s] -- Installing: /home/jg/ros_rlr/install/rplidar_ros/share/rplidar_ros/environment/ament_prefix_path.sh
[0.244s] -- Installing: /home/jg/ros_rlr/install/rplidar_ros/share/rplidar_ros/environment/ament_prefix_path.dsv
[0.244s] -- Installing: /home/jg/ros_rlr/install/rplidar_ros/share/rplidar_ros/environment/path.sh
[0.244s] -- Installing: /home/jg/ros_rlr/install/rplidar_ros/share/rplidar_ros/environment/path.dsv
[0.244s] -- Up-to-date: /home/jg/ros_rlr/install/rplidar_ros/share/rplidar_ros/local_setup.bash
[0.244s] -- Up-to-date: /home/jg/ros_rlr/install/rplidar_ros/share/rplidar_ros/local_setup.sh
[0.244s] -- Up-to-date: /home/jg/ros_rlr/install/rplidar_ros/share/rplidar_ros/local_setup.zsh
[0.244s] -- Installing: /home/jg/ros_rlr/install/rplidar_ros/share/rplidar_ros/local_setup.dsv
[0.244s] -- Installing: /home/jg/ros_rlr/install/rplidar_ros/share/rplidar_ros/package.dsv
[0.245s] -- Up-to-date: /home/jg/ros_rlr/install/rplidar_ros/share/ament_index/resource_index/packages/rplidar_ros
[0.245s] -- Up-to-date: /home/jg/ros_rlr/install/rplidar_ros/share/ament_index/resource_index/rclcpp_components/rplidar_ros
[0.245s] -- Up-to-date: /home/jg/ros_rlr/install/rplidar_ros/share/rplidar_ros/cmake/ament_cmake_export_dependencies-extras.cmake
[0.245s] -- Up-to-date: /home/jg/ros_rlr/install/rplidar_ros/share/rplidar_ros/cmake/ament_cmake_export_include_directories-extras.cmake
[0.245s] -- Up-to-date: /home/jg/ros_rlr/install/rplidar_ros/share/rplidar_ros/cmake/rplidar_rosConfig.cmake
[0.245s] -- Up-to-date: /home/jg/ros_rlr/install/rplidar_ros/share/rplidar_ros/cmake/rplidar_rosConfig-version.cmake
[0.245s] -- Installing: /home/jg/ros_rlr/install/rplidar_ros/share/rplidar_ros/package.xml
[0.266s] Invoked command in '/home/jg/ros_rlr/build/rplidar_ros' returned '0': CMAKE_PREFIX_PATH=/opt/ros/humble /usr/bin/cmake --install /home/jg/ros_rlr/build/rplidar_ros
