[1.106s] Invoking command in '/home/jg/ros_rlr/src/cube_localizer': PYTHONPATH=/home/jg/ros_rlr/build/cube_localizer/prefix_override:/usr/lib/python3/dist-packages/colcon_core/task/python/colcon_distutils_commands:/home/jg/ros_rlr/install/cube_localizer/lib/python3.10/site-packages:${PYTHONPATH} /usr/bin/python3 -W ignore:setup.py install is deprecated setup.py egg_info --egg-base ../../build/cube_localizer build --build-base /home/jg/ros_rlr/build/cube_localizer/build install --record /home/jg/ros_rlr/build/cube_localizer/install.log --single-version-externally-managed install_data
[1.444s] running egg_info
[1.444s] creating ../../build/cube_localizer/cube_localizer.egg-info
[1.446s] writing ../../build/cube_localizer/cube_localizer.egg-info/PKG-INFO
[1.448s] writing dependency_links to ../../build/cube_localizer/cube_localizer.egg-info/dependency_links.txt
[1.449s] writing entry points to ../../build/cube_localizer/cube_localizer.egg-info/entry_points.txt
[1.450s] writing requirements to ../../build/cube_localizer/cube_localizer.egg-info/requires.txt
[1.452s] writing top-level names to ../../build/cube_localizer/cube_localizer.egg-info/top_level.txt
[1.452s] writing manifest file '../../build/cube_localizer/cube_localizer.egg-info/SOURCES.txt'
[1.456s] reading manifest file '../../build/cube_localizer/cube_localizer.egg-info/SOURCES.txt'
[1.459s] writing manifest file '../../build/cube_localizer/cube_localizer.egg-info/SOURCES.txt'
[1.460s] running build
[1.460s] running build_py
[1.461s] creating /home/jg/ros_rlr/build/cube_localizer/build
[1.463s] creating /home/jg/ros_rlr/build/cube_localizer/build/lib
[1.463s] creating /home/jg/ros_rlr/build/cube_localizer/build/lib/cube_localizer
[1.464s] copying cube_localizer/__init__.py -> /home/jg/ros_rlr/build/cube_localizer/build/lib/cube_localizer
[1.466s] copying cube_localizer/cube_localizer.py -> /home/jg/ros_rlr/build/cube_localizer/build/lib/cube_localizer
[1.466s] running install
[1.469s] running install_lib
[1.470s] creating /home/jg/ros_rlr/install/cube_localizer/lib/python3.10/site-packages/cube_localizer
[1.471s] copying /home/jg/ros_rlr/build/cube_localizer/build/lib/cube_localizer/__init__.py -> /home/jg/ros_rlr/install/cube_localizer/lib/python3.10/site-packages/cube_localizer
[1.472s] copying /home/jg/ros_rlr/build/cube_localizer/build/lib/cube_localizer/cube_localizer.py -> /home/jg/ros_rlr/install/cube_localizer/lib/python3.10/site-packages/cube_localizer
[1.476s] byte-compiling /home/jg/ros_rlr/install/cube_localizer/lib/python3.10/site-packages/cube_localizer/__init__.py to __init__.cpython-310.pyc
[1.479s] byte-compiling /home/jg/ros_rlr/install/cube_localizer/lib/python3.10/site-packages/cube_localizer/cube_localizer.py to cube_localizer.cpython-310.pyc
[1.481s] running install_data
[1.483s] creating /home/jg/ros_rlr/install/cube_localizer/share/ament_index
[1.483s] creating /home/jg/ros_rlr/install/cube_localizer/share/ament_index/resource_index
[1.484s] creating /home/jg/ros_rlr/install/cube_localizer/share/ament_index/resource_index/packages
[1.485s] copying resource/cube_localizer -> /home/jg/ros_rlr/install/cube_localizer/share/ament_index/resource_index/packages
[1.486s] copying package.xml -> /home/jg/ros_rlr/install/cube_localizer/share/cube_localizer
[1.486s] copying launch/cube_localizer.launch.py -> /home/jg/ros_rlr/install/cube_localizer/share/cube_localizer
[1.489s] copying config.rviz -> /home/jg/ros_rlr/install/cube_localizer/share/cube_localizer
[1.489s] running install_egg_info
[1.491s] Copying ../../build/cube_localizer/cube_localizer.egg-info to /home/jg/ros_rlr/install/cube_localizer/lib/python3.10/site-packages/cube_localizer-0.0.0-py3.10.egg-info
[1.498s] running install_scripts
[1.535s] Installing cube_localizer script to /home/jg/ros_rlr/install/cube_localizer/lib/cube_localizer
[1.535s] writing list of installed files to '/home/jg/ros_rlr/build/cube_localizer/install.log'
[1.576s] Invoked command in '/home/jg/ros_rlr/src/cube_localizer' returned '0': PYTHONPATH=/home/jg/ros_rlr/build/cube_localizer/prefix_override:/usr/lib/python3/dist-packages/colcon_core/task/python/colcon_distutils_commands:/home/jg/ros_rlr/install/cube_localizer/lib/python3.10/site-packages:${PYTHONPATH} /usr/bin/python3 -W ignore:setup.py install is deprecated setup.py egg_info --egg-base ../../build/cube_localizer build --build-base /home/jg/ros_rlr/build/cube_localizer/build install --record /home/jg/ros_rlr/build/cube_localizer/install.log --single-version-externally-managed install_data
