[0.028s] Invoking command in '/home/jg/ros_rlr/build/xv_11_driver': CMAKE_PREFIX_PATH=/opt/ros/humble /usr/bin/cmake --build /home/jg/ros_rlr/build/xv_11_driver -- -j8 -l8
[0.085s] [ 33%] [32mBuilding CXX object CMakeFiles/xv_11_driver.dir/src/xv_11_driver.cpp.o[0m
[0.085s] [ 66%] [32mBuilding CXX object CMakeFiles/xv_11_driver.dir/src/xv11_laser.cpp.o[0m
[7.736s] [01m[K/home/jg/ros_rlr/src/xv_11_driver/src/xv_11_driver.cpp:[m[K In function ‘[01m[Kint main(int, char**)[m[K’:
[7.736s] [01m[K/home/jg/ros_rlr/src/xv_11_driver/src/xv_11_driver.cpp:79:26:[m[K [01;31m[Kerror: [m[Kno matching function for call to ‘[01m[Krclcpp::Node::declare_parameter(const char [5])[m[K’
[7.736s]    79 |   [01;31m[Knode->declare_parameter("port")[m[K;
[7.736s]       |   [01;31m[K~~~~~~~~~~~~~~~~~~~~~~~^~~~~~~~[m[K
[7.736s] In file included from [01m[K/opt/ros/humble/include/rclcpp/rclcpp/executors/single_threaded_executor.hpp:28[m[K,
[7.736s]                  from [01m[K/opt/ros/humble/include/rclcpp/rclcpp/executors.hpp:22[m[K,
[7.736s]                  from [01m[K/opt/ros/humble/include/rclcpp/rclcpp/rclcpp.hpp:155[m[K,
[7.736s]                  from [01m[K/home/jg/ros_rlr/src/xv_11_driver/src/xv_11_driver.cpp:53[m[K:
[7.736s] [01m[K/opt/ros/humble/include/rclcpp/rclcpp/node.hpp:421:3:[m[K [01;36m[Knote: [m[Kcandidate: ‘[01m[Ktemplate<class ParameterT> auto rclcpp::Node::declare_parameter(const string&, const ParameterT&, const ParameterDescriptor&, bool)[m[K’
[7.736s]   421 |   [01;36m[Kdeclare_parameter[m[K(
[7.737s]       |   [01;36m[K^~~~~~~~~~~~~~~~~[m[K
[7.737s] [01m[K/opt/ros/humble/include/rclcpp/rclcpp/node.hpp:421:3:[m[K [01;36m[Knote: [m[K  template argument deduction/substitution failed:
[7.738s] [01m[K/home/jg/ros_rlr/src/xv_11_driver/src/xv_11_driver.cpp:79:26:[m[K [01;36m[Knote: [m[K  candidate expects 4 arguments, 1 provided
[7.738s]    79 |   [01;36m[Knode->declare_parameter("port")[m[K;
[7.738s]       |   [01;36m[K~~~~~~~~~~~~~~~~~~~~~~~^~~~~~~~[m[K
[7.738s] In file included from [01m[K/opt/ros/humble/include/rclcpp/rclcpp/executors/single_threaded_executor.hpp:28[m[K,
[7.738s]                  from [01m[K/opt/ros/humble/include/rclcpp/rclcpp/executors.hpp:22[m[K,
[7.738s]                  from [01m[K/opt/ros/humble/include/rclcpp/rclcpp/rclcpp.hpp:155[m[K,
[7.738s]                  from [01m[K/home/jg/ros_rlr/src/xv_11_driver/src/xv_11_driver.cpp:53[m[K:
[7.738s] [01m[K/opt/ros/humble/include/rclcpp/rclcpp/node.hpp:434:3:[m[K [01;36m[Knote: [m[Kcandidate: ‘[01m[Ktemplate<class ParameterT> auto rclcpp::Node::declare_parameter(const string&, const ParameterDescriptor&, bool)[m[K’
[7.738s]   434 |   [01;36m[Kdeclare_parameter[m[K(
[7.738s]       |   [01;36m[K^~~~~~~~~~~~~~~~~[m[K
[7.738s] [01m[K/opt/ros/humble/include/rclcpp/rclcpp/node.hpp:434:3:[m[K [01;36m[Knote: [m[K  template argument deduction/substitution failed:
[7.738s] [01m[K/home/jg/ros_rlr/src/xv_11_driver/src/xv_11_driver.cpp:79:26:[m[K [01;36m[Knote: [m[K  couldn’t deduce template parameter ‘[01m[KParameterT[m[K’
[7.738s]    79 |   [01;36m[Knode->declare_parameter("port")[m[K;
[7.738s]       |   [01;36m[K~~~~~~~~~~~~~~~~~~~~~~~^~~~~~~~[m[K
[7.738s] In file included from [01m[K/opt/ros/humble/include/rclcpp/rclcpp/executors/single_threaded_executor.hpp:28[m[K,
[7.738s]                  from [01m[K/opt/ros/humble/include/rclcpp/rclcpp/executors.hpp:22[m[K,
[7.738s]                  from [01m[K/opt/ros/humble/include/rclcpp/rclcpp/rclcpp.hpp:155[m[K,
[7.739s]                  from [01m[K/home/jg/ros_rlr/src/xv_11_driver/src/xv_11_driver.cpp:53[m[K:
[7.739s] [01m[K/opt/ros/humble/include/rclcpp/rclcpp/node.hpp:366:3:[m[K [01;36m[Knote: [m[Kcandidate: ‘[01m[Kconst rclcpp::ParameterValue& rclcpp::Node::declare_parameter(const string&, const rclcpp::ParameterValue&, const ParameterDescriptor&, bool)[m[K’
[7.739s]   366 |   [01;36m[Kdeclare_parameter[m[K(
[7.739s]       |   [01;36m[K^~~~~~~~~~~~~~~~~[m[K
[7.739s] [01m[K/opt/ros/humble/include/rclcpp/rclcpp/node.hpp:366:3:[m[K [01;36m[Knote: [m[K  candidate expects 4 arguments, 1 provided
[7.739s] [01m[K/opt/ros/humble/include/rclcpp/rclcpp/node.hpp:391:3:[m[K [01;36m[Knote: [m[Kcandidate: ‘[01m[Kconst rclcpp::ParameterValue& rclcpp::Node::declare_parameter(const string&, rclcpp::ParameterType, const ParameterDescriptor&, bool)[m[K’
[7.739s]   391 |   [01;36m[Kdeclare_parameter[m[K(
[7.739s]       |   [01;36m[K^~~~~~~~~~~~~~~~~[m[K
[7.739s] [01m[K/opt/ros/humble/include/rclcpp/rclcpp/node.hpp:391:3:[m[K [01;36m[Knote: [m[K  candidate expects 4 arguments, 1 provided
[7.739s] [01m[K/home/jg/ros_rlr/src/xv_11_driver/src/xv_11_driver.cpp:82:26:[m[K [01;31m[Kerror: [m[Kno matching function for call to ‘[01m[Krclcpp::Node::declare_parameter(const char [10])[m[K’
[7.739s]    82 |   [01;31m[Knode->declare_parameter("baud_rate")[m[K;
[7.739s]       |   [01;31m[K~~~~~~~~~~~~~~~~~~~~~~~^~~~~~~~~~~~~[m[K
[7.739s] In file included from [01m[K/opt/ros/humble/include/rclcpp/rclcpp/executors/single_threaded_executor.hpp:28[m[K,
[7.739s]                  from [01m[K/opt/ros/humble/include/rclcpp/rclcpp/executors.hpp:22[m[K,
[7.740s]                  from [01m[K/opt/ros/humble/include/rclcpp/rclcpp/rclcpp.hpp:155[m[K,
[7.740s]                  from [01m[K/home/jg/ros_rlr/src/xv_11_driver/src/xv_11_driver.cpp:53[m[K:
[7.740s] [01m[K/opt/ros/humble/include/rclcpp/rclcpp/node.hpp:421:3:[m[K [01;36m[Knote: [m[Kcandidate: ‘[01m[Ktemplate<class ParameterT> auto rclcpp::Node::declare_parameter(const string&, const ParameterT&, const ParameterDescriptor&, bool)[m[K’
[7.740s]   421 |   [01;36m[Kdeclare_parameter[m[K(
[7.740s]       |   [01;36m[K^~~~~~~~~~~~~~~~~[m[K
[7.740s] [01m[K/opt/ros/humble/include/rclcpp/rclcpp/node.hpp:421:3:[m[K [01;36m[Knote: [m[K  template argument deduction/substitution failed:
[7.740s] [01m[K/home/jg/ros_rlr/src/xv_11_driver/src/xv_11_driver.cpp:82:26:[m[K [01;36m[Knote: [m[K  candidate expects 4 arguments, 1 provided
[7.740s]    82 |   [01;36m[Knode->declare_parameter("baud_rate")[m[K;
[7.740s]       |   [01;36m[K~~~~~~~~~~~~~~~~~~~~~~~^~~~~~~~~~~~~[m[K
[7.740s] In file included from [01m[K/opt/ros/humble/include/rclcpp/rclcpp/executors/single_threaded_executor.hpp:28[m[K,
[7.740s]                  from [01m[K/opt/ros/humble/include/rclcpp/rclcpp/executors.hpp:22[m[K,
[7.740s]                  from [01m[K/opt/ros/humble/include/rclcpp/rclcpp/rclcpp.hpp:155[m[K,
[7.740s]                  from [01m[K/home/jg/ros_rlr/src/xv_11_driver/src/xv_11_driver.cpp:53[m[K:
[7.741s] [01m[K/opt/ros/humble/include/rclcpp/rclcpp/node.hpp:434:3:[m[K [01;36m[Knote: [m[Kcandidate: ‘[01m[Ktemplate<class ParameterT> auto rclcpp::Node::declare_parameter(const string&, const ParameterDescriptor&, bool)[m[K’
[7.741s]   434 |   [01;36m[Kdeclare_parameter[m[K(
[7.741s]       |   [01;36m[K^~~~~~~~~~~~~~~~~[m[K
[7.741s] [01m[K/opt/ros/humble/include/rclcpp/rclcpp/node.hpp:434:3:[m[K [01;36m[Knote: [m[K  template argument deduction/substitution failed:
[7.741s] [01m[K/home/jg/ros_rlr/src/xv_11_driver/src/xv_11_driver.cpp:82:26:[m[K [01;36m[Knote: [m[K  couldn’t deduce template parameter ‘[01m[KParameterT[m[K’
[7.741s]    82 |   [01;36m[Knode->declare_parameter("baud_rate")[m[K;
[7.741s]       |   [01;36m[K~~~~~~~~~~~~~~~~~~~~~~~^~~~~~~~~~~~~[m[K
[7.741s] In file included from [01m[K/opt/ros/humble/include/rclcpp/rclcpp/executors/single_threaded_executor.hpp:28[m[K,
[7.741s]                  from [01m[K/opt/ros/humble/include/rclcpp/rclcpp/executors.hpp:22[m[K,
[7.741s]                  from [01m[K/opt/ros/humble/include/rclcpp/rclcpp/rclcpp.hpp:155[m[K,
[7.741s]                  from [01m[K/home/jg/ros_rlr/src/xv_11_driver/src/xv_11_driver.cpp:53[m[K:
[7.741s] [01m[K/opt/ros/humble/include/rclcpp/rclcpp/node.hpp:366:3:[m[K [01;36m[Knote: [m[Kcandidate: ‘[01m[Kconst rclcpp::ParameterValue& rclcpp::Node::declare_parameter(const string&, const rclcpp::ParameterValue&, const ParameterDescriptor&, bool)[m[K’
[7.741s]   366 |   [01;36m[Kdeclare_parameter[m[K(
[7.741s]       |   [01;36m[K^~~~~~~~~~~~~~~~~[m[K
[7.741s] [01m[K/opt/ros/humble/include/rclcpp/rclcpp/node.hpp:366:3:[m[K [01;36m[Knote: [m[K  candidate expects 4 arguments, 1 provided
[7.741s] [01m[K/opt/ros/humble/include/rclcpp/rclcpp/node.hpp:391:3:[m[K [01;36m[Knote: [m[Kcandidate: ‘[01m[Kconst rclcpp::ParameterValue& rclcpp::Node::declare_parameter(const string&, rclcpp::ParameterType, const ParameterDescriptor&, bool)[m[K’
[7.741s]   391 |   [01;36m[Kdeclare_parameter[m[K(
[7.742s]       |   [01;36m[K^~~~~~~~~~~~~~~~~[m[K
[7.742s] [01m[K/opt/ros/humble/include/rclcpp/rclcpp/node.hpp:391:3:[m[K [01;36m[Knote: [m[K  candidate expects 4 arguments, 1 provided
[7.742s] [01m[K/home/jg/ros_rlr/src/xv_11_driver/src/xv_11_driver.cpp:85:26:[m[K [01;31m[Kerror: [m[Kno matching function for call to ‘[01m[Krclcpp::Node::declare_parameter(const char [9])[m[K’
[7.742s]    85 |   [01;31m[Knode->declare_parameter("frame_id")[m[K;
[7.742s]       |   [01;31m[K~~~~~~~~~~~~~~~~~~~~~~~^~~~~~~~~~~~[m[K
[7.742s] In file included from [01m[K/opt/ros/humble/include/rclcpp/rclcpp/executors/single_threaded_executor.hpp:28[m[K,
[7.742s]                  from [01m[K/opt/ros/humble/include/rclcpp/rclcpp/executors.hpp:22[m[K,
[7.742s]                  from [01m[K/opt/ros/humble/include/rclcpp/rclcpp/rclcpp.hpp:155[m[K,
[7.742s]                  from [01m[K/home/jg/ros_rlr/src/xv_11_driver/src/xv_11_driver.cpp:53[m[K:
[7.742s] [01m[K/opt/ros/humble/include/rclcpp/rclcpp/node.hpp:421:3:[m[K [01;36m[Knote: [m[Kcandidate: ‘[01m[Ktemplate<class ParameterT> auto rclcpp::Node::declare_parameter(const string&, const ParameterT&, const ParameterDescriptor&, bool)[m[K’
[7.742s]   421 |   [01;36m[Kdeclare_parameter[m[K(
[7.742s]       |   [01;36m[K^~~~~~~~~~~~~~~~~[m[K
[7.742s] [01m[K/opt/ros/humble/include/rclcpp/rclcpp/node.hpp:421:3:[m[K [01;36m[Knote: [m[K  template argument deduction/substitution failed:
[7.742s] [01m[K/home/jg/ros_rlr/src/xv_11_driver/src/xv_11_driver.cpp:85:26:[m[K [01;36m[Knote: [m[K  candidate expects 4 arguments, 1 provided
[7.742s]    85 |   [01;36m[Knode->declare_parameter("frame_id")[m[K;
[7.742s]       |   [01;36m[K~~~~~~~~~~~~~~~~~~~~~~~^~~~~~~~~~~~[m[K
[7.743s] In file included from [01m[K/opt/ros/humble/include/rclcpp/rclcpp/executors/single_threaded_executor.hpp:28[m[K,
[7.743s]                  from [01m[K/opt/ros/humble/include/rclcpp/rclcpp/executors.hpp:22[m[K,
[7.743s]                  from [01m[K/opt/ros/humble/include/rclcpp/rclcpp/rclcpp.hpp:155[m[K,
[7.743s]                  from [01m[K/home/jg/ros_rlr/src/xv_11_driver/src/xv_11_driver.cpp:53[m[K:
[7.743s] [01m[K/opt/ros/humble/include/rclcpp/rclcpp/node.hpp:434:3:[m[K [01;36m[Knote: [m[Kcandidate: ‘[01m[Ktemplate<class ParameterT> auto rclcpp::Node::declare_parameter(const string&, const ParameterDescriptor&, bool)[m[K’
[7.743s]   434 |   [01;36m[Kdeclare_parameter[m[K(
[7.743s]       |   [01;36m[K^~~~~~~~~~~~~~~~~[m[K
[7.743s] [01m[K/opt/ros/humble/include/rclcpp/rclcpp/node.hpp:434:3:[m[K [01;36m[Knote: [m[K  template argument deduction/substitution failed:
[7.743s] [01m[K/home/jg/ros_rlr/src/xv_11_driver/src/xv_11_driver.cpp:85:26:[m[K [01;36m[Knote: [m[K  couldn’t deduce template parameter ‘[01m[KParameterT[m[K’
[7.743s]    85 |   [01;36m[Knode->declare_parameter("frame_id")[m[K;
[7.743s]       |   [01;36m[K~~~~~~~~~~~~~~~~~~~~~~~^~~~~~~~~~~~[m[K
[7.743s] In file included from [01m[K/opt/ros/humble/include/rclcpp/rclcpp/executors/single_threaded_executor.hpp:28[m[K,
[7.743s]                  from [01m[K/opt/ros/humble/include/rclcpp/rclcpp/executors.hpp:22[m[K,
[7.743s]                  from [01m[K/opt/ros/humble/include/rclcpp/rclcpp/rclcpp.hpp:155[m[K,
[7.743s]                  from [01m[K/home/jg/ros_rlr/src/xv_11_driver/src/xv_11_driver.cpp:53[m[K:
[7.744s] [01m[K/opt/ros/humble/include/rclcpp/rclcpp/node.hpp:366:3:[m[K [01;36m[Knote: [m[Kcandidate: ‘[01m[Kconst rclcpp::ParameterValue& rclcpp::Node::declare_parameter(const string&, const rclcpp::ParameterValue&, const ParameterDescriptor&, bool)[m[K’
[7.744s]   366 |   [01;36m[Kdeclare_parameter[m[K(
[7.744s]       |   [01;36m[K^~~~~~~~~~~~~~~~~[m[K
[7.744s] [01m[K/opt/ros/humble/include/rclcpp/rclcpp/node.hpp:366:3:[m[K [01;36m[Knote: [m[K  candidate expects 4 arguments, 1 provided
[7.744s] [01m[K/opt/ros/humble/include/rclcpp/rclcpp/node.hpp:391:3:[m[K [01;36m[Knote: [m[Kcandidate: ‘[01m[Kconst rclcpp::ParameterValue& rclcpp::Node::declare_parameter(const string&, rclcpp::ParameterType, const ParameterDescriptor&, bool)[m[K’
[7.744s]   391 |   [01;36m[Kdeclare_parameter[m[K(
[7.744s]       |   [01;36m[K^~~~~~~~~~~~~~~~~[m[K
[7.744s] [01m[K/opt/ros/humble/include/rclcpp/rclcpp/node.hpp:391:3:[m[K [01;36m[Knote: [m[K  candidate expects 4 arguments, 1 provided
[7.744s] [01m[K/home/jg/ros_rlr/src/xv_11_driver/src/xv_11_driver.cpp:88:26:[m[K [01;31m[Kerror: [m[Kno matching function for call to ‘[01m[Krclcpp::Node::declare_parameter(const char [17])[m[K’
[7.744s]    88 |   [01;31m[Knode->declare_parameter("firmware_version")[m[K;
[7.744s]       |   [01;31m[K~~~~~~~~~~~~~~~~~~~~~~~^~~~~~~~~~~~~~~~~~~~[m[K
[7.744s] In file included from [01m[K/opt/ros/humble/include/rclcpp/rclcpp/executors/single_threaded_executor.hpp:28[m[K,
[7.744s]                  from [01m[K/opt/ros/humble/include/rclcpp/rclcpp/executors.hpp:22[m[K,
[7.744s]                  from [01m[K/opt/ros/humble/include/rclcpp/rclcpp/rclcpp.hpp:155[m[K,
[7.744s]                  from [01m[K/home/jg/ros_rlr/src/xv_11_driver/src/xv_11_driver.cpp:53[m[K:
[7.744s] [01m[K/opt/ros/humble/include/rclcpp/rclcpp/node.hpp:421:3:[m[K [01;36m[Knote: [m[Kcandidate: ‘[01m[Ktemplate<class ParameterT> auto rclcpp::Node::declare_parameter(const string&, const ParameterT&, const ParameterDescriptor&, bool)[m[K’
[7.744s]   421 |   [01;36m[Kdeclare_parameter[m[K(
[7.745s]       |   [01;36m[K^~~~~~~~~~~~~~~~~[m[K
[7.745s] [01m[K/opt/ros/humble/include/rclcpp/rclcpp/node.hpp:421:3:[m[K [01;36m[Knote: [m[K  template argument deduction/substitution failed:
[7.745s] [01m[K/home/jg/ros_rlr/src/xv_11_driver/src/xv_11_driver.cpp:88:26:[m[K [01;36m[Knote: [m[K  candidate expects 4 arguments, 1 provided
[7.745s]    88 |   [01;36m[Knode->declare_parameter("firmware_version")[m[K;
[7.745s]       |   [01;36m[K~~~~~~~~~~~~~~~~~~~~~~~^~~~~~~~~~~~~~~~~~~~[m[K
[7.745s] In file included from [01m[K/opt/ros/humble/include/rclcpp/rclcpp/executors/single_threaded_executor.hpp:28[m[K,
[7.745s]                  from [01m[K/opt/ros/humble/include/rclcpp/rclcpp/executors.hpp:22[m[K,
[7.745s]                  from [01m[K/opt/ros/humble/include/rclcpp/rclcpp/rclcpp.hpp:155[m[K,
[7.745s]                  from [01m[K/home/jg/ros_rlr/src/xv_11_driver/src/xv_11_driver.cpp:53[m[K:
[7.745s] [01m[K/opt/ros/humble/include/rclcpp/rclcpp/node.hpp:434:3:[m[K [01;36m[Knote: [m[Kcandidate: ‘[01m[Ktemplate<class ParameterT> auto rclcpp::Node::declare_parameter(const string&, const ParameterDescriptor&, bool)[m[K’
[7.745s]   434 |   [01;36m[Kdeclare_parameter[m[K(
[7.745s]       |   [01;36m[K^~~~~~~~~~~~~~~~~[m[K
[7.745s] [01m[K/opt/ros/humble/include/rclcpp/rclcpp/node.hpp:434:3:[m[K [01;36m[Knote: [m[K  template argument deduction/substitution failed:
[7.745s] [01m[K/home/jg/ros_rlr/src/xv_11_driver/src/xv_11_driver.cpp:88:26:[m[K [01;36m[Knote: [m[K  couldn’t deduce template parameter ‘[01m[KParameterT[m[K’
[7.746s]    88 |   [01;36m[Knode->declare_parameter("firmware_version")[m[K;
[7.746s]       |   [01;36m[K~~~~~~~~~~~~~~~~~~~~~~~^~~~~~~~~~~~~~~~~~~~[m[K
[7.746s] In file included from [01m[K/opt/ros/humble/include/rclcpp/rclcpp/executors/single_threaded_executor.hpp:28[m[K,
[7.746s]                  from [01m[K/opt/ros/humble/include/rclcpp/rclcpp/executors.hpp:22[m[K,
[7.746s]                  from [01m[K/opt/ros/humble/include/rclcpp/rclcpp/rclcpp.hpp:155[m[K,
[7.746s]                  from [01m[K/home/jg/ros_rlr/src/xv_11_driver/src/xv_11_driver.cpp:53[m[K:
[7.746s] [01m[K/opt/ros/humble/include/rclcpp/rclcpp/node.hpp:366:3:[m[K [01;36m[Knote: [m[Kcandidate: ‘[01m[Kconst rclcpp::ParameterValue& rclcpp::Node::declare_parameter(const string&, const rclcpp::ParameterValue&, const ParameterDescriptor&, bool)[m[K’
[7.746s]   366 |   [01;36m[Kdeclare_parameter[m[K(
[7.746s]       |   [01;36m[K^~~~~~~~~~~~~~~~~[m[K
[7.746s] [01m[K/opt/ros/humble/include/rclcpp/rclcpp/node.hpp:366:3:[m[K [01;36m[Knote: [m[K  candidate expects 4 arguments, 1 provided
[7.746s] [01m[K/opt/ros/humble/include/rclcpp/rclcpp/node.hpp:391:3:[m[K [01;36m[Knote: [m[Kcandidate: ‘[01m[Kconst rclcpp::ParameterValue& rclcpp::Node::declare_parameter(const string&, rclcpp::ParameterType, const ParameterDescriptor&, bool)[m[K’
[7.746s]   391 |   [01;36m[Kdeclare_parameter[m[K(
[7.746s]       |   [01;36m[K^~~~~~~~~~~~~~~~~[m[K
[7.746s] [01m[K/opt/ros/humble/include/rclcpp/rclcpp/node.hpp:391:3:[m[K [01;36m[Knote: [m[K  candidate expects 4 arguments, 1 provided
[9.047s] gmake[2]: *** [CMakeFiles/xv_11_driver.dir/build.make:76: CMakeFiles/xv_11_driver.dir/src/xv_11_driver.cpp.o] Error 1
[9.047s] gmake[1]: *** [CMakeFiles/Makefile2:137: CMakeFiles/xv_11_driver.dir/all] Error 2
[9.047s] gmake: *** [Makefile:146: all] Error 2
[9.050s] Invoked command in '/home/jg/ros_rlr/build/xv_11_driver' returned '2': CMAKE_PREFIX_PATH=/opt/ros/humble /usr/bin/cmake --build /home/jg/ros_rlr/build/xv_11_driver -- -j8 -l8
