[0.135s] DEBUG:colcon:Command line arguments: ['/usr/bin/colcon', 'build']
[0.135s] DEBUG:colcon:Parsed command line arguments: Namespace(log_base=None, log_level=None, verb_name='build', build_base='build', install_base='install', merge_install=False, symlink_install=False, test_result_base=None, continue_on_error=False, executor='parallel', parallel_workers=4, event_handlers=None, ignore_user_meta=False, metas=['./colcon.meta'], base_paths=['.'], packages_ignore=None, packages_ignore_regex=None, paths=None, packages_up_to=None, packages_up_to_regex=None, packages_above=None, packages_above_and_dependencies=None, packages_above_depth=None, packages_select_by_dep=None, packages_skip_by_dep=None, packages_skip_up_to=None, packages_select_build_failed=False, packages_skip_build_finished=False, packages_select_test_failures=False, packages_skip_test_passed=False, packages_select=None, packages_skip=None, packages_select_regex=None, packages_skip_regex=None, packages_start=None, packages_end=None, allow_overriding=[], cmake_args=None, cmake_target=None, cmake_target_skip_unavailable=False, cmake_clean_cache=False, cmake_clean_first=False, cmake_force_configure=False, ament_cmake_args=None, catkin_cmake_args=None, catkin_skip_building_tests=False, mixin_files=None, mixin=None, verb_parser=<colcon_mixin.mixin.mixin_argument.MixinArgumentDecorator object at 0x78cc7de1e1d0>, verb_extension=<colcon_core.verb.build.BuildVerb object at 0x78cc7df4a830>, main=<bound method BuildVerb.main of <colcon_core.verb.build.BuildVerb object at 0x78cc7df4a830>>, mixin_verb=('build',))
[0.327s] Level 1:colcon.colcon_core.package_discovery:discover_packages(colcon_meta) check parameters
[0.328s] Level 1:colcon.colcon_core.package_discovery:discover_packages(recursive) check parameters
[0.328s] Level 1:colcon.colcon_core.package_discovery:discover_packages(ignore) check parameters
[0.328s] Level 1:colcon.colcon_core.package_discovery:discover_packages(path) check parameters
[0.328s] Level 1:colcon.colcon_core.package_discovery:discover_packages(colcon_meta) discover
[0.328s] Level 1:colcon.colcon_core.package_discovery:discover_packages(recursive) discover
[0.328s] INFO:colcon.colcon_core.package_discovery:Crawling recursively for packages in '/home/nvidia/ros_rlr'
[0.328s] Level 1:colcon.colcon_core.package_identification:_identify(.) by extensions ['ignore', 'ignore_ament_install']
[0.328s] Level 1:colcon.colcon_core.package_identification:_identify(.) by extension 'ignore'
[0.328s] Level 1:colcon.colcon_core.package_identification:_identify(.) by extension 'ignore_ament_install'
[0.328s] Level 1:colcon.colcon_core.package_identification:_identify(.) by extensions ['colcon_pkg']
[0.328s] Level 1:colcon.colcon_core.package_identification:_identify(.) by extension 'colcon_pkg'
[0.328s] Level 1:colcon.colcon_core.package_identification:_identify(.) by extensions ['colcon_meta']
[0.328s] Level 1:colcon.colcon_core.package_identification:_identify(.) by extension 'colcon_meta'
[0.328s] Level 1:colcon.colcon_core.package_identification:_identify(.) by extensions ['ros']
[0.328s] Level 1:colcon.colcon_core.package_identification:_identify(.) by extension 'ros'
[0.343s] Level 1:colcon.colcon_core.package_identification:_identify(.) by extensions ['cmake', 'python']
[0.343s] Level 1:colcon.colcon_core.package_identification:_identify(.) by extension 'cmake'
[0.343s] Level 1:colcon.colcon_core.package_identification:_identify(.) by extension 'python'
[0.343s] Level 1:colcon.colcon_core.package_identification:_identify(.) by extensions ['python_setup_py']
[0.343s] Level 1:colcon.colcon_core.package_identification:_identify(.) by extension 'python_setup_py'
[0.344s] Level 1:colcon.colcon_core.package_identification:_identify(build) by extensions ['ignore', 'ignore_ament_install']
[0.344s] Level 1:colcon.colcon_core.package_identification:_identify(build) by extension 'ignore'
[0.344s] Level 1:colcon.colcon_core.package_identification:_identify(build) ignored
[0.344s] Level 1:colcon.colcon_core.package_identification:_identify(install) by extensions ['ignore', 'ignore_ament_install']
[0.344s] Level 1:colcon.colcon_core.package_identification:_identify(install) by extension 'ignore'
[0.344s] Level 1:colcon.colcon_core.package_identification:_identify(install) ignored
[0.344s] Level 1:colcon.colcon_core.package_identification:_identify(log) by extensions ['ignore', 'ignore_ament_install']
[0.344s] Level 1:colcon.colcon_core.package_identification:_identify(log) by extension 'ignore'
[0.345s] Level 1:colcon.colcon_core.package_identification:_identify(log) ignored
[0.345s] Level 1:colcon.colcon_core.package_identification:_identify(output_data) by extensions ['ignore', 'ignore_ament_install']
[0.345s] Level 1:colcon.colcon_core.package_identification:_identify(output_data) by extension 'ignore'
[0.345s] Level 1:colcon.colcon_core.package_identification:_identify(output_data) by extension 'ignore_ament_install'
[0.345s] Level 1:colcon.colcon_core.package_identification:_identify(output_data) by extensions ['colcon_pkg']
[0.345s] Level 1:colcon.colcon_core.package_identification:_identify(output_data) by extension 'colcon_pkg'
[0.345s] Level 1:colcon.colcon_core.package_identification:_identify(output_data) by extensions ['colcon_meta']
[0.345s] Level 1:colcon.colcon_core.package_identification:_identify(output_data) by extension 'colcon_meta'
[0.345s] Level 1:colcon.colcon_core.package_identification:_identify(output_data) by extensions ['ros']
[0.345s] Level 1:colcon.colcon_core.package_identification:_identify(output_data) by extension 'ros'
[0.345s] Level 1:colcon.colcon_core.package_identification:_identify(output_data) by extensions ['cmake', 'python']
[0.345s] Level 1:colcon.colcon_core.package_identification:_identify(output_data) by extension 'cmake'
[0.345s] Level 1:colcon.colcon_core.package_identification:_identify(output_data) by extension 'python'
[0.345s] Level 1:colcon.colcon_core.package_identification:_identify(output_data) by extensions ['python_setup_py']
[0.345s] Level 1:colcon.colcon_core.package_identification:_identify(output_data) by extension 'python_setup_py'
[0.345s] Level 1:colcon.colcon_core.package_identification:_identify(output_meshes) by extensions ['ignore', 'ignore_ament_install']
[0.346s] Level 1:colcon.colcon_core.package_identification:_identify(output_meshes) by extension 'ignore'
[0.346s] Level 1:colcon.colcon_core.package_identification:_identify(output_meshes) by extension 'ignore_ament_install'
[0.346s] Level 1:colcon.colcon_core.package_identification:_identify(output_meshes) by extensions ['colcon_pkg']
[0.346s] Level 1:colcon.colcon_core.package_identification:_identify(output_meshes) by extension 'colcon_pkg'
[0.346s] Level 1:colcon.colcon_core.package_identification:_identify(output_meshes) by extensions ['colcon_meta']
[0.346s] Level 1:colcon.colcon_core.package_identification:_identify(output_meshes) by extension 'colcon_meta'
[0.346s] Level 1:colcon.colcon_core.package_identification:_identify(output_meshes) by extensions ['ros']
[0.346s] Level 1:colcon.colcon_core.package_identification:_identify(output_meshes) by extension 'ros'
[0.346s] Level 1:colcon.colcon_core.package_identification:_identify(output_meshes) by extensions ['cmake', 'python']
[0.346s] Level 1:colcon.colcon_core.package_identification:_identify(output_meshes) by extension 'cmake'
[0.346s] Level 1:colcon.colcon_core.package_identification:_identify(output_meshes) by extension 'python'
[0.346s] Level 1:colcon.colcon_core.package_identification:_identify(output_meshes) by extensions ['python_setup_py']
[0.346s] Level 1:colcon.colcon_core.package_identification:_identify(output_meshes) by extension 'python_setup_py'
[0.346s] Level 1:colcon.colcon_core.package_identification:_identify(rosbag2_2024_07_06-23_07_43) by extensions ['ignore', 'ignore_ament_install']
[0.346s] Level 1:colcon.colcon_core.package_identification:_identify(rosbag2_2024_07_06-23_07_43) by extension 'ignore'
[0.346s] Level 1:colcon.colcon_core.package_identification:_identify(rosbag2_2024_07_06-23_07_43) by extension 'ignore_ament_install'
[0.347s] Level 1:colcon.colcon_core.package_identification:_identify(rosbag2_2024_07_06-23_07_43) by extensions ['colcon_pkg']
[0.347s] Level 1:colcon.colcon_core.package_identification:_identify(rosbag2_2024_07_06-23_07_43) by extension 'colcon_pkg'
[0.347s] Level 1:colcon.colcon_core.package_identification:_identify(rosbag2_2024_07_06-23_07_43) by extensions ['colcon_meta']
[0.347s] Level 1:colcon.colcon_core.package_identification:_identify(rosbag2_2024_07_06-23_07_43) by extension 'colcon_meta'
[0.347s] Level 1:colcon.colcon_core.package_identification:_identify(rosbag2_2024_07_06-23_07_43) by extensions ['ros']
[0.347s] Level 1:colcon.colcon_core.package_identification:_identify(rosbag2_2024_07_06-23_07_43) by extension 'ros'
[0.347s] Level 1:colcon.colcon_core.package_identification:_identify(rosbag2_2024_07_06-23_07_43) by extensions ['cmake', 'python']
[0.347s] Level 1:colcon.colcon_core.package_identification:_identify(rosbag2_2024_07_06-23_07_43) by extension 'cmake'
[0.347s] Level 1:colcon.colcon_core.package_identification:_identify(rosbag2_2024_07_06-23_07_43) by extension 'python'
[0.347s] Level 1:colcon.colcon_core.package_identification:_identify(rosbag2_2024_07_06-23_07_43) by extensions ['python_setup_py']
[0.347s] Level 1:colcon.colcon_core.package_identification:_identify(rosbag2_2024_07_06-23_07_43) by extension 'python_setup_py'
[0.347s] Level 1:colcon.colcon_core.package_identification:_identify(scanpoint_processing_scripts) by extensions ['ignore', 'ignore_ament_install']
[0.347s] Level 1:colcon.colcon_core.package_identification:_identify(scanpoint_processing_scripts) by extension 'ignore'
[0.347s] Level 1:colcon.colcon_core.package_identification:_identify(scanpoint_processing_scripts) by extension 'ignore_ament_install'
[0.347s] Level 1:colcon.colcon_core.package_identification:_identify(scanpoint_processing_scripts) by extensions ['colcon_pkg']
[0.347s] Level 1:colcon.colcon_core.package_identification:_identify(scanpoint_processing_scripts) by extension 'colcon_pkg'
[0.347s] Level 1:colcon.colcon_core.package_identification:_identify(scanpoint_processing_scripts) by extensions ['colcon_meta']
[0.347s] Level 1:colcon.colcon_core.package_identification:_identify(scanpoint_processing_scripts) by extension 'colcon_meta'
[0.348s] Level 1:colcon.colcon_core.package_identification:_identify(scanpoint_processing_scripts) by extensions ['ros']
[0.348s] Level 1:colcon.colcon_core.package_identification:_identify(scanpoint_processing_scripts) by extension 'ros'
[0.348s] Level 1:colcon.colcon_core.package_identification:_identify(scanpoint_processing_scripts) by extensions ['cmake', 'python']
[0.348s] Level 1:colcon.colcon_core.package_identification:_identify(scanpoint_processing_scripts) by extension 'cmake'
[0.348s] Level 1:colcon.colcon_core.package_identification:_identify(scanpoint_processing_scripts) by extension 'python'
[0.348s] Level 1:colcon.colcon_core.package_identification:_identify(scanpoint_processing_scripts) by extensions ['python_setup_py']
[0.348s] Level 1:colcon.colcon_core.package_identification:_identify(scanpoint_processing_scripts) by extension 'python_setup_py'
[0.348s] Level 1:colcon.colcon_core.package_identification:_identify(scanpoint_processing_scripts/build) by extensions ['ignore', 'ignore_ament_install']
[0.348s] Level 1:colcon.colcon_core.package_identification:_identify(scanpoint_processing_scripts/build) by extension 'ignore'
[0.348s] Level 1:colcon.colcon_core.package_identification:_identify(scanpoint_processing_scripts/build) ignored
[0.348s] Level 1:colcon.colcon_core.package_identification:_identify(scanpoint_processing_scripts/install) by extensions ['ignore', 'ignore_ament_install']
[0.348s] Level 1:colcon.colcon_core.package_identification:_identify(scanpoint_processing_scripts/install) by extension 'ignore'
[0.348s] Level 1:colcon.colcon_core.package_identification:_identify(scanpoint_processing_scripts/install) ignored
[0.348s] Level 1:colcon.colcon_core.package_identification:_identify(scanpoint_processing_scripts/log) by extensions ['ignore', 'ignore_ament_install']
[0.349s] Level 1:colcon.colcon_core.package_identification:_identify(scanpoint_processing_scripts/log) by extension 'ignore'
[0.349s] Level 1:colcon.colcon_core.package_identification:_identify(scanpoint_processing_scripts/log) ignored
[0.349s] Level 1:colcon.colcon_core.package_identification:_identify(scanpoint_processing_scripts/output) by extensions ['ignore', 'ignore_ament_install']
[0.349s] Level 1:colcon.colcon_core.package_identification:_identify(scanpoint_processing_scripts/output) by extension 'ignore'
[0.349s] Level 1:colcon.colcon_core.package_identification:_identify(scanpoint_processing_scripts/output) by extension 'ignore_ament_install'
[0.349s] Level 1:colcon.colcon_core.package_identification:_identify(scanpoint_processing_scripts/output) by extensions ['colcon_pkg']
[0.349s] Level 1:colcon.colcon_core.package_identification:_identify(scanpoint_processing_scripts/output) by extension 'colcon_pkg'
[0.349s] Level 1:colcon.colcon_core.package_identification:_identify(scanpoint_processing_scripts/output) by extensions ['colcon_meta']
[0.349s] Level 1:colcon.colcon_core.package_identification:_identify(scanpoint_processing_scripts/output) by extension 'colcon_meta'
[0.349s] Level 1:colcon.colcon_core.package_identification:_identify(scanpoint_processing_scripts/output) by extensions ['ros']
[0.349s] Level 1:colcon.colcon_core.package_identification:_identify(scanpoint_processing_scripts/output) by extension 'ros'
[0.349s] Level 1:colcon.colcon_core.package_identification:_identify(scanpoint_processing_scripts/output) by extensions ['cmake', 'python']
[0.349s] Level 1:colcon.colcon_core.package_identification:_identify(scanpoint_processing_scripts/output) by extension 'cmake'
[0.349s] Level 1:colcon.colcon_core.package_identification:_identify(scanpoint_processing_scripts/output) by extension 'python'
[0.349s] Level 1:colcon.colcon_core.package_identification:_identify(scanpoint_processing_scripts/output) by extensions ['python_setup_py']
[0.349s] Level 1:colcon.colcon_core.package_identification:_identify(scanpoint_processing_scripts/output) by extension 'python_setup_py'
[0.350s] Level 1:colcon.colcon_core.package_identification:_identify(scanpoint_processing_scripts - archived) by extensions ['ignore', 'ignore_ament_install']
[0.350s] Level 1:colcon.colcon_core.package_identification:_identify(scanpoint_processing_scripts - archived) by extension 'ignore'
[0.350s] Level 1:colcon.colcon_core.package_identification:_identify(scanpoint_processing_scripts - archived) by extension 'ignore_ament_install'
[0.350s] Level 1:colcon.colcon_core.package_identification:_identify(scanpoint_processing_scripts - archived) by extensions ['colcon_pkg']
[0.350s] Level 1:colcon.colcon_core.package_identification:_identify(scanpoint_processing_scripts - archived) by extension 'colcon_pkg'
[0.350s] Level 1:colcon.colcon_core.package_identification:_identify(scanpoint_processing_scripts - archived) by extensions ['colcon_meta']
[0.350s] Level 1:colcon.colcon_core.package_identification:_identify(scanpoint_processing_scripts - archived) by extension 'colcon_meta'
[0.350s] Level 1:colcon.colcon_core.package_identification:_identify(scanpoint_processing_scripts - archived) by extensions ['ros']
[0.350s] Level 1:colcon.colcon_core.package_identification:_identify(scanpoint_processing_scripts - archived) by extension 'ros'
[0.350s] Level 1:colcon.colcon_core.package_identification:_identify(scanpoint_processing_scripts - archived) by extensions ['cmake', 'python']
[0.350s] Level 1:colcon.colcon_core.package_identification:_identify(scanpoint_processing_scripts - archived) by extension 'cmake'
[0.350s] Level 1:colcon.colcon_core.package_identification:_identify(scanpoint_processing_scripts - archived) by extension 'python'
[0.350s] Level 1:colcon.colcon_core.package_identification:_identify(scanpoint_processing_scripts - archived) by extensions ['python_setup_py']
[0.350s] Level 1:colcon.colcon_core.package_identification:_identify(scanpoint_processing_scripts - archived) by extension 'python_setup_py'
[0.350s] Level 1:colcon.colcon_core.package_identification:_identify(src) by extensions ['ignore', 'ignore_ament_install']
[0.350s] Level 1:colcon.colcon_core.package_identification:_identify(src) by extension 'ignore'
[0.350s] Level 1:colcon.colcon_core.package_identification:_identify(src) by extension 'ignore_ament_install'
[0.351s] Level 1:colcon.colcon_core.package_identification:_identify(src) by extensions ['colcon_pkg']
[0.351s] Level 1:colcon.colcon_core.package_identification:_identify(src) by extension 'colcon_pkg'
[0.351s] Level 1:colcon.colcon_core.package_identification:_identify(src) by extensions ['colcon_meta']
[0.351s] Level 1:colcon.colcon_core.package_identification:_identify(src) by extension 'colcon_meta'
[0.351s] Level 1:colcon.colcon_core.package_identification:_identify(src) by extensions ['ros']
[0.351s] Level 1:colcon.colcon_core.package_identification:_identify(src) by extension 'ros'
[0.351s] Level 1:colcon.colcon_core.package_identification:_identify(src) by extensions ['cmake', 'python']
[0.351s] Level 1:colcon.colcon_core.package_identification:_identify(src) by extension 'cmake'
[0.351s] Level 1:colcon.colcon_core.package_identification:_identify(src) by extension 'python'
[0.351s] Level 1:colcon.colcon_core.package_identification:_identify(src) by extensions ['python_setup_py']
[0.351s] Level 1:colcon.colcon_core.package_identification:_identify(src) by extension 'python_setup_py'
[0.351s] Level 1:colcon.colcon_core.package_identification:_identify(src/cube_localizer) by extensions ['ignore', 'ignore_ament_install']
[0.351s] Level 1:colcon.colcon_core.package_identification:_identify(src/cube_localizer) by extension 'ignore'
[0.351s] Level 1:colcon.colcon_core.package_identification:_identify(src/cube_localizer) by extension 'ignore_ament_install'
[0.351s] Level 1:colcon.colcon_core.package_identification:_identify(src/cube_localizer) by extensions ['colcon_pkg']
[0.351s] Level 1:colcon.colcon_core.package_identification:_identify(src/cube_localizer) by extension 'colcon_pkg'
[0.351s] Level 1:colcon.colcon_core.package_identification:_identify(src/cube_localizer) by extensions ['colcon_meta']
[0.351s] Level 1:colcon.colcon_core.package_identification:_identify(src/cube_localizer) by extension 'colcon_meta'
[0.351s] Level 1:colcon.colcon_core.package_identification:_identify(src/cube_localizer) by extensions ['ros']
[0.352s] Level 1:colcon.colcon_core.package_identification:_identify(src/cube_localizer) by extension 'ros'
[0.355s] DEBUG:colcon.colcon_core.package_identification:Package 'src/cube_localizer' with type 'ros.ament_python' and name 'cube_localizer'
[0.355s] Level 1:colcon.colcon_core.package_identification:_identify(src/micro_ros_setup) by extensions ['ignore', 'ignore_ament_install']
[0.355s] Level 1:colcon.colcon_core.package_identification:_identify(src/micro_ros_setup) by extension 'ignore'
[0.355s] Level 1:colcon.colcon_core.package_identification:_identify(src/micro_ros_setup) by extension 'ignore_ament_install'
[0.356s] Level 1:colcon.colcon_core.package_identification:_identify(src/micro_ros_setup) by extensions ['colcon_pkg']
[0.356s] Level 1:colcon.colcon_core.package_identification:_identify(src/micro_ros_setup) by extension 'colcon_pkg'
[0.356s] Level 1:colcon.colcon_core.package_identification:_identify(src/micro_ros_setup) by extensions ['colcon_meta']
[0.356s] Level 1:colcon.colcon_core.package_identification:_identify(src/micro_ros_setup) by extension 'colcon_meta'
[0.356s] Level 1:colcon.colcon_core.package_identification:_identify(src/micro_ros_setup) by extensions ['ros']
[0.356s] Level 1:colcon.colcon_core.package_identification:_identify(src/micro_ros_setup) by extension 'ros'
[0.356s] Level 1:colcon.colcon_core.package_identification:_identify(src/micro_ros_setup) by extensions ['cmake', 'python']
[0.356s] Level 1:colcon.colcon_core.package_identification:_identify(src/micro_ros_setup) by extension 'cmake'
[0.356s] Level 1:colcon.colcon_core.package_identification:_identify(src/micro_ros_setup) by extension 'python'
[0.356s] Level 1:colcon.colcon_core.package_identification:_identify(src/micro_ros_setup) by extensions ['python_setup_py']
[0.356s] Level 1:colcon.colcon_core.package_identification:_identify(src/micro_ros_setup) by extension 'python_setup_py'
[0.356s] Level 1:colcon.colcon_core.package_identification:_identify(src/rplidar_ros2) by extensions ['ignore', 'ignore_ament_install']
[0.356s] Level 1:colcon.colcon_core.package_identification:_identify(src/rplidar_ros2) by extension 'ignore'
[0.356s] Level 1:colcon.colcon_core.package_identification:_identify(src/rplidar_ros2) by extension 'ignore_ament_install'
[0.357s] Level 1:colcon.colcon_core.package_identification:_identify(src/rplidar_ros2) by extensions ['colcon_pkg']
[0.357s] Level 1:colcon.colcon_core.package_identification:_identify(src/rplidar_ros2) by extension 'colcon_pkg'
[0.357s] Level 1:colcon.colcon_core.package_identification:_identify(src/rplidar_ros2) by extensions ['colcon_meta']
[0.357s] Level 1:colcon.colcon_core.package_identification:_identify(src/rplidar_ros2) by extension 'colcon_meta'
[0.357s] Level 1:colcon.colcon_core.package_identification:_identify(src/rplidar_ros2) by extensions ['ros']
[0.357s] Level 1:colcon.colcon_core.package_identification:_identify(src/rplidar_ros2) by extension 'ros'
[0.358s] DEBUG:colcon.colcon_core.package_identification:Package 'src/rplidar_ros2' with type 'ros.ament_cmake' and name 'rplidar_ros'
[0.358s] Level 1:colcon.colcon_core.package_identification:_identify(src/sllidar_ros2) by extensions ['ignore', 'ignore_ament_install']
[0.358s] Level 1:colcon.colcon_core.package_identification:_identify(src/sllidar_ros2) by extension 'ignore'
[0.358s] Level 1:colcon.colcon_core.package_identification:_identify(src/sllidar_ros2) by extension 'ignore_ament_install'
[0.358s] Level 1:colcon.colcon_core.package_identification:_identify(src/sllidar_ros2) by extensions ['colcon_pkg']
[0.358s] Level 1:colcon.colcon_core.package_identification:_identify(src/sllidar_ros2) by extension 'colcon_pkg'
[0.358s] Level 1:colcon.colcon_core.package_identification:_identify(src/sllidar_ros2) by extensions ['colcon_meta']
[0.358s] Level 1:colcon.colcon_core.package_identification:_identify(src/sllidar_ros2) by extension 'colcon_meta'
[0.358s] Level 1:colcon.colcon_core.package_identification:_identify(src/sllidar_ros2) by extensions ['ros']
[0.358s] Level 1:colcon.colcon_core.package_identification:_identify(src/sllidar_ros2) by extension 'ros'
[0.359s] DEBUG:colcon.colcon_core.package_identification:Package 'src/sllidar_ros2' with type 'ros.ament_cmake' and name 'sllidar_ros2'
[0.359s] Level 1:colcon.colcon_core.package_identification:_identify(src/uros) by extensions ['ignore', 'ignore_ament_install']
[0.359s] Level 1:colcon.colcon_core.package_identification:_identify(src/uros) by extension 'ignore'
[0.359s] Level 1:colcon.colcon_core.package_identification:_identify(src/uros) by extension 'ignore_ament_install'
[0.360s] Level 1:colcon.colcon_core.package_identification:_identify(src/uros) by extensions ['colcon_pkg']
[0.360s] Level 1:colcon.colcon_core.package_identification:_identify(src/uros) by extension 'colcon_pkg'
[0.360s] Level 1:colcon.colcon_core.package_identification:_identify(src/uros) by extensions ['colcon_meta']
[0.360s] Level 1:colcon.colcon_core.package_identification:_identify(src/uros) by extension 'colcon_meta'
[0.360s] Level 1:colcon.colcon_core.package_identification:_identify(src/uros) by extensions ['ros']
[0.360s] Level 1:colcon.colcon_core.package_identification:_identify(src/uros) by extension 'ros'
[0.360s] Level 1:colcon.colcon_core.package_identification:_identify(src/uros) by extensions ['cmake', 'python']
[0.360s] Level 1:colcon.colcon_core.package_identification:_identify(src/uros) by extension 'cmake'
[0.360s] Level 1:colcon.colcon_core.package_identification:_identify(src/uros) by extension 'python'
[0.360s] Level 1:colcon.colcon_core.package_identification:_identify(src/uros) by extensions ['python_setup_py']
[0.360s] Level 1:colcon.colcon_core.package_identification:_identify(src/uros) by extension 'python_setup_py'
[0.360s] Level 1:colcon.colcon_core.package_identification:_identify(src/uros/micro-ROS-Agent) by extensions ['ignore', 'ignore_ament_install']
[0.360s] Level 1:colcon.colcon_core.package_identification:_identify(src/uros/micro-ROS-Agent) by extension 'ignore'
[0.360s] Level 1:colcon.colcon_core.package_identification:_identify(src/uros/micro-ROS-Agent) by extension 'ignore_ament_install'
[0.360s] Level 1:colcon.colcon_core.package_identification:_identify(src/uros/micro-ROS-Agent) by extensions ['colcon_pkg']
[0.360s] Level 1:colcon.colcon_core.package_identification:_identify(src/uros/micro-ROS-Agent) by extension 'colcon_pkg'
[0.360s] Level 1:colcon.colcon_core.package_identification:_identify(src/uros/micro-ROS-Agent) by extensions ['colcon_meta']
[0.360s] Level 1:colcon.colcon_core.package_identification:_identify(src/uros/micro-ROS-Agent) by extension 'colcon_meta'
[0.361s] Level 1:colcon.colcon_core.package_identification:_identify(src/uros/micro-ROS-Agent) by extensions ['ros']
[0.361s] Level 1:colcon.colcon_core.package_identification:_identify(src/uros/micro-ROS-Agent) by extension 'ros'
[0.361s] Level 1:colcon.colcon_core.package_identification:_identify(src/uros/micro-ROS-Agent) by extensions ['cmake', 'python']
[0.361s] Level 1:colcon.colcon_core.package_identification:_identify(src/uros/micro-ROS-Agent) by extension 'cmake'
[0.361s] Level 1:colcon.colcon_core.package_identification:_identify(src/uros/micro-ROS-Agent) by extension 'python'
[0.361s] Level 1:colcon.colcon_core.package_identification:_identify(src/uros/micro-ROS-Agent) by extensions ['python_setup_py']
[0.361s] Level 1:colcon.colcon_core.package_identification:_identify(src/uros/micro-ROS-Agent) by extension 'python_setup_py'
[0.361s] Level 1:colcon.colcon_core.package_identification:_identify(src/uros/micro_ros_msgs) by extensions ['ignore', 'ignore_ament_install']
[0.361s] Level 1:colcon.colcon_core.package_identification:_identify(src/uros/micro_ros_msgs) by extension 'ignore'
[0.361s] Level 1:colcon.colcon_core.package_identification:_identify(src/uros/micro_ros_msgs) by extension 'ignore_ament_install'
[0.361s] Level 1:colcon.colcon_core.package_identification:_identify(src/uros/micro_ros_msgs) by extensions ['colcon_pkg']
[0.361s] Level 1:colcon.colcon_core.package_identification:_identify(src/uros/micro_ros_msgs) by extension 'colcon_pkg'
[0.361s] Level 1:colcon.colcon_core.package_identification:_identify(src/uros/micro_ros_msgs) by extensions ['colcon_meta']
[0.361s] Level 1:colcon.colcon_core.package_identification:_identify(src/uros/micro_ros_msgs) by extension 'colcon_meta'
[0.361s] Level 1:colcon.colcon_core.package_identification:_identify(src/uros/micro_ros_msgs) by extensions ['ros']
[0.361s] Level 1:colcon.colcon_core.package_identification:_identify(src/uros/micro_ros_msgs) by extension 'ros'
[0.361s] Level 1:colcon.colcon_core.package_identification:_identify(src/uros/micro_ros_msgs) by extensions ['cmake', 'python']
[0.361s] Level 1:colcon.colcon_core.package_identification:_identify(src/uros/micro_ros_msgs) by extension 'cmake'
[0.361s] Level 1:colcon.colcon_core.package_identification:_identify(src/uros/micro_ros_msgs) by extension 'python'
[0.362s] Level 1:colcon.colcon_core.package_identification:_identify(src/uros/micro_ros_msgs) by extensions ['python_setup_py']
[0.362s] Level 1:colcon.colcon_core.package_identification:_identify(src/uros/micro_ros_msgs) by extension 'python_setup_py'
[0.362s] Level 1:colcon.colcon_core.package_discovery:discover_packages(recursive) using defaults
[0.362s] Level 1:colcon.colcon_core.package_discovery:discover_packages(ignore) discover
[0.362s] Level 1:colcon.colcon_core.package_discovery:discover_packages(ignore) using defaults
[0.362s] Level 1:colcon.colcon_core.package_discovery:discover_packages(path) discover
[0.362s] Level 1:colcon.colcon_core.package_discovery:discover_packages(path) using defaults
[0.402s] Level 1:colcon.colcon_core.package_discovery:discover_packages(prefix_path) check parameters
[0.402s] Level 1:colcon.colcon_core.package_discovery:discover_packages(prefix_path) discover
[0.403s] WARNING:colcon.colcon_ros.prefix_path.ament:The path '/home/nvidia/ros_rlr/install/cube_localizer' in the environment variable AMENT_PREFIX_PATH doesn't exist
[0.403s] WARNING:colcon.colcon_ros.prefix_path.ament:The path '/home/nvidia/ros_rlr/install/sllidar_ros2' in the environment variable AMENT_PREFIX_PATH doesn't exist
[0.403s] WARNING:colcon.colcon_ros.prefix_path.ament:The path '/home/nvidia/ros_rlr/install/rplidar_ros' in the environment variable AMENT_PREFIX_PATH doesn't exist
[0.403s] WARNING:colcon.colcon_ros.prefix_path.ament:The path '/home/nvidia/ros_rlr/install/micro_ros_setup' in the environment variable AMENT_PREFIX_PATH doesn't exist
[0.403s] WARNING:colcon.colcon_ros.prefix_path.ament:The path '/home/nvidia/ros_rlr/install/micro_ros_agent' in the environment variable AMENT_PREFIX_PATH doesn't exist
[0.403s] WARNING:colcon.colcon_ros.prefix_path.ament:The path '/home/nvidia/ros_rlr/install/micro_ros_msgs' in the environment variable AMENT_PREFIX_PATH doesn't exist
[0.403s] WARNING:colcon.colcon_ros.prefix_path.catkin:The path '/home/nvidia/ros_rlr/install/sllidar_ros2' in the environment variable CMAKE_PREFIX_PATH doesn't exist
[0.404s] WARNING:colcon.colcon_ros.prefix_path.catkin:The path '/home/nvidia/ros_rlr/install/rplidar_ros' in the environment variable CMAKE_PREFIX_PATH doesn't exist
[0.404s] WARNING:colcon.colcon_ros.prefix_path.catkin:The path '/home/nvidia/ros_rlr/install/micro_ros_setup' in the environment variable CMAKE_PREFIX_PATH doesn't exist
[0.404s] WARNING:colcon.colcon_ros.prefix_path.catkin:The path '/home/nvidia/ros_rlr/install/micro_ros_agent' in the environment variable CMAKE_PREFIX_PATH doesn't exist
[0.404s] WARNING:colcon.colcon_ros.prefix_path.catkin:The path '/home/nvidia/ros_rlr/install/micro_ros_msgs' in the environment variable CMAKE_PREFIX_PATH doesn't exist
[0.404s] DEBUG:colcon.colcon_installed_package_information.package_discovery:Found 0 installed packages in /home/nvidia/ros_rlr/install
[0.406s] DEBUG:colcon.colcon_installed_package_information.package_discovery:Found 278 installed packages in /opt/ros/humble
[0.408s] Level 1:colcon.colcon_core.package_discovery:discover_packages(prefix_path) using defaults
[0.458s] Level 5:colcon.colcon_core.verb:set package 'rplidar_ros' build argument 'cmake_args' from command line to 'None'
[0.458s] Level 5:colcon.colcon_core.verb:set package 'rplidar_ros' build argument 'cmake_target' from command line to 'None'
[0.458s] Level 5:colcon.colcon_core.verb:set package 'rplidar_ros' build argument 'cmake_target_skip_unavailable' from command line to 'False'
[0.458s] Level 5:colcon.colcon_core.verb:set package 'rplidar_ros' build argument 'cmake_clean_cache' from command line to 'False'
[0.458s] Level 5:colcon.colcon_core.verb:set package 'rplidar_ros' build argument 'cmake_clean_first' from command line to 'False'
[0.458s] Level 5:colcon.colcon_core.verb:set package 'rplidar_ros' build argument 'cmake_force_configure' from command line to 'False'
[0.458s] Level 5:colcon.colcon_core.verb:set package 'rplidar_ros' build argument 'ament_cmake_args' from command line to 'None'
[0.458s] Level 5:colcon.colcon_core.verb:set package 'rplidar_ros' build argument 'catkin_cmake_args' from command line to 'None'
[0.458s] Level 5:colcon.colcon_core.verb:set package 'rplidar_ros' build argument 'catkin_skip_building_tests' from command line to 'False'
[0.458s] DEBUG:colcon.colcon_core.verb:Building package 'rplidar_ros' with the following arguments: {'ament_cmake_args': None, 'build_base': '/home/nvidia/ros_rlr/build/rplidar_ros', 'catkin_cmake_args': None, 'catkin_skip_building_tests': False, 'cmake_args': None, 'cmake_clean_cache': False, 'cmake_clean_first': False, 'cmake_force_configure': False, 'cmake_target': None, 'cmake_target_skip_unavailable': False, 'install_base': '/home/nvidia/ros_rlr/install/rplidar_ros', 'merge_install': False, 'path': '/home/nvidia/ros_rlr/src/rplidar_ros2', 'symlink_install': False, 'test_result_base': None}
[0.459s] Level 5:colcon.colcon_core.verb:set package 'sllidar_ros2' build argument 'cmake_args' from command line to 'None'
[0.459s] Level 5:colcon.colcon_core.verb:set package 'sllidar_ros2' build argument 'cmake_target' from command line to 'None'
[0.459s] Level 5:colcon.colcon_core.verb:set package 'sllidar_ros2' build argument 'cmake_target_skip_unavailable' from command line to 'False'
[0.459s] Level 5:colcon.colcon_core.verb:set package 'sllidar_ros2' build argument 'cmake_clean_cache' from command line to 'False'
[0.459s] Level 5:colcon.colcon_core.verb:set package 'sllidar_ros2' build argument 'cmake_clean_first' from command line to 'False'
[0.459s] Level 5:colcon.colcon_core.verb:set package 'sllidar_ros2' build argument 'cmake_force_configure' from command line to 'False'
[0.459s] Level 5:colcon.colcon_core.verb:set package 'sllidar_ros2' build argument 'ament_cmake_args' from command line to 'None'
[0.459s] Level 5:colcon.colcon_core.verb:set package 'sllidar_ros2' build argument 'catkin_cmake_args' from command line to 'None'
[0.459s] Level 5:colcon.colcon_core.verb:set package 'sllidar_ros2' build argument 'catkin_skip_building_tests' from command line to 'False'
[0.459s] DEBUG:colcon.colcon_core.verb:Building package 'sllidar_ros2' with the following arguments: {'ament_cmake_args': None, 'build_base': '/home/nvidia/ros_rlr/build/sllidar_ros2', 'catkin_cmake_args': None, 'catkin_skip_building_tests': False, 'cmake_args': None, 'cmake_clean_cache': False, 'cmake_clean_first': False, 'cmake_force_configure': False, 'cmake_target': None, 'cmake_target_skip_unavailable': False, 'install_base': '/home/nvidia/ros_rlr/install/sllidar_ros2', 'merge_install': False, 'path': '/home/nvidia/ros_rlr/src/sllidar_ros2', 'symlink_install': False, 'test_result_base': None}
[0.459s] Level 5:colcon.colcon_core.verb:set package 'cube_localizer' build argument 'cmake_args' from command line to 'None'
[0.459s] Level 5:colcon.colcon_core.verb:set package 'cube_localizer' build argument 'cmake_target' from command line to 'None'
[0.459s] Level 5:colcon.colcon_core.verb:set package 'cube_localizer' build argument 'cmake_target_skip_unavailable' from command line to 'False'
[0.459s] Level 5:colcon.colcon_core.verb:set package 'cube_localizer' build argument 'cmake_clean_cache' from command line to 'False'
[0.459s] Level 5:colcon.colcon_core.verb:set package 'cube_localizer' build argument 'cmake_clean_first' from command line to 'False'
[0.460s] Level 5:colcon.colcon_core.verb:set package 'cube_localizer' build argument 'cmake_force_configure' from command line to 'False'
[0.460s] Level 5:colcon.colcon_core.verb:set package 'cube_localizer' build argument 'ament_cmake_args' from command line to 'None'
[0.460s] Level 5:colcon.colcon_core.verb:set package 'cube_localizer' build argument 'catkin_cmake_args' from command line to 'None'
[0.460s] Level 5:colcon.colcon_core.verb:set package 'cube_localizer' build argument 'catkin_skip_building_tests' from command line to 'False'
[0.460s] DEBUG:colcon.colcon_core.verb:Building package 'cube_localizer' with the following arguments: {'ament_cmake_args': None, 'build_base': '/home/nvidia/ros_rlr/build/cube_localizer', 'catkin_cmake_args': None, 'catkin_skip_building_tests': False, 'cmake_args': None, 'cmake_clean_cache': False, 'cmake_clean_first': False, 'cmake_force_configure': False, 'cmake_target': None, 'cmake_target_skip_unavailable': False, 'install_base': '/home/nvidia/ros_rlr/install/cube_localizer', 'merge_install': False, 'path': '/home/nvidia/ros_rlr/src/cube_localizer', 'symlink_install': False, 'test_result_base': None}
[0.460s] INFO:colcon.colcon_core.executor:Executing jobs using 'parallel' executor
[0.462s] DEBUG:colcon.colcon_parallel_executor.executor.parallel:run_until_complete
[0.462s] INFO:colcon.colcon_ros.task.ament_cmake.build:Building ROS package in '/home/nvidia/ros_rlr/src/sllidar_ros2' with build type 'ament_cmake'
[0.463s] INFO:colcon.colcon_cmake.task.cmake.build:Building CMake package in '/home/nvidia/ros_rlr/src/sllidar_ros2'
[0.465s] INFO:colcon.colcon_core.plugin_system:Skipping extension 'colcon_core.shell.bat': Not used on non-Windows systems
[0.466s] INFO:colcon.colcon_core.shell:Skip shell extension 'powershell' for command environment: Not usable outside of PowerShell
[0.466s] DEBUG:colcon.colcon_core.shell:Skip shell extension 'dsv' for command environment
[0.471s] INFO:colcon.colcon_ros.task.ament_cmake.build:Building ROS package in '/home/nvidia/ros_rlr/src/rplidar_ros2' with build type 'ament_cmake'
[0.471s] INFO:colcon.colcon_cmake.task.cmake.build:Building CMake package in '/home/nvidia/ros_rlr/src/rplidar_ros2'
[0.471s] INFO:colcon.colcon_core.shell:Skip shell extension 'powershell' for command environment: Not usable outside of PowerShell
[0.471s] DEBUG:colcon.colcon_core.shell:Skip shell extension 'dsv' for command environment
[0.485s] DEBUG:colcon.colcon_core.event_handler.log_command:Invoking command in '/home/nvidia/ros_rlr/build/sllidar_ros2': CMAKE_PREFIX_PATH=${CMAKE_PREFIX_PATH}:/home/nvidia/ros_rlr/install/cube_localizer:/opt/ros/humble /usr/bin/cmake /home/nvidia/ros_rlr/src/sllidar_ros2 -DCMAKE_INSTALL_PREFIX=/home/nvidia/ros_rlr/install/sllidar_ros2
[0.495s] DEBUG:colcon.colcon_core.event_handler.log_command:Invoking command in '/home/nvidia/ros_rlr/build/rplidar_ros': CMAKE_PREFIX_PATH=${CMAKE_PREFIX_PATH}:/home/nvidia/ros_rlr/install/cube_localizer:/opt/ros/humble /usr/bin/cmake /home/nvidia/ros_rlr/src/rplidar_ros2 -DCMAKE_INSTALL_PREFIX=/home/nvidia/ros_rlr/install/rplidar_ros
[2.372s] DEBUG:colcon.colcon_core.event_handler.log_command:Invoked command in '/home/nvidia/ros_rlr/build/rplidar_ros' returned '0': CMAKE_PREFIX_PATH=${CMAKE_PREFIX_PATH}:/home/nvidia/ros_rlr/install/cube_localizer:/opt/ros/humble /usr/bin/cmake /home/nvidia/ros_rlr/src/rplidar_ros2 -DCMAKE_INSTALL_PREFIX=/home/nvidia/ros_rlr/install/rplidar_ros
[2.372s] DEBUG:colcon.colcon_core.event_handler.log_command:Invoking command in '/home/nvidia/ros_rlr/build/rplidar_ros': CMAKE_PREFIX_PATH=${CMAKE_PREFIX_PATH}:/home/nvidia/ros_rlr/install/cube_localizer:/opt/ros/humble /usr/bin/cmake --build /home/nvidia/ros_rlr/build/rplidar_ros -- -j4 -l4
[2.396s] DEBUG:colcon.colcon_core.event_handler.log_command:Invoked command in '/home/nvidia/ros_rlr/build/sllidar_ros2' returned '0': CMAKE_PREFIX_PATH=${CMAKE_PREFIX_PATH}:/home/nvidia/ros_rlr/install/cube_localizer:/opt/ros/humble /usr/bin/cmake /home/nvidia/ros_rlr/src/sllidar_ros2 -DCMAKE_INSTALL_PREFIX=/home/nvidia/ros_rlr/install/sllidar_ros2
[2.398s] DEBUG:colcon.colcon_core.event_handler.log_command:Invoking command in '/home/nvidia/ros_rlr/build/sllidar_ros2': CMAKE_PREFIX_PATH=${CMAKE_PREFIX_PATH}:/home/nvidia/ros_rlr/install/cube_localizer:/opt/ros/humble /usr/bin/cmake --build /home/nvidia/ros_rlr/build/sllidar_ros2 -- -j4 -l4
[24.846s] DEBUG:colcon.colcon_core.event_handler.log_command:Invoked command in '/home/nvidia/ros_rlr/build/sllidar_ros2' returned '0': CMAKE_PREFIX_PATH=${CMAKE_PREFIX_PATH}:/home/nvidia/ros_rlr/install/cube_localizer:/opt/ros/humble /usr/bin/cmake --build /home/nvidia/ros_rlr/build/sllidar_ros2 -- -j4 -l4
[24.996s] DEBUG:colcon.colcon_core.event_handler.log_command:Invoking command in '/home/nvidia/ros_rlr/build/sllidar_ros2': CMAKE_PREFIX_PATH=${CMAKE_PREFIX_PATH}:/home/nvidia/ros_rlr/install/cube_localizer:/opt/ros/humble /usr/bin/cmake --install /home/nvidia/ros_rlr/build/sllidar_ros2
[25.029s] DEBUG:colcon.colcon_core.event_handler.log_command:Invoked command in '/home/nvidia/ros_rlr/build/rplidar_ros' returned '0': CMAKE_PREFIX_PATH=${CMAKE_PREFIX_PATH}:/home/nvidia/ros_rlr/install/cube_localizer:/opt/ros/humble /usr/bin/cmake --build /home/nvidia/ros_rlr/build/rplidar_ros -- -j4 -l4
[25.048s] Level 1:colcon.colcon_core.environment:create_environment_scripts_only(sllidar_ros2)
[25.052s] DEBUG:colcon.colcon_core.event_handler.log_command:Invoked command in '/home/nvidia/ros_rlr/build/sllidar_ros2' returned '0': CMAKE_PREFIX_PATH=${CMAKE_PREFIX_PATH}:/home/nvidia/ros_rlr/install/cube_localizer:/opt/ros/humble /usr/bin/cmake --install /home/nvidia/ros_rlr/build/sllidar_ros2
[25.055s] Level 1:colcon.colcon_core.environment:checking '/home/nvidia/ros_rlr/install/sllidar_ros2' for CMake module files
[25.056s] Level 1:colcon.colcon_core.environment:checking '/home/nvidia/ros_rlr/install/sllidar_ros2' for CMake config files
[25.056s] Level 1:colcon.colcon_core.shell:create_environment_hook('sllidar_ros2', 'cmake_prefix_path')
[25.057s] INFO:colcon.colcon_core.shell:Creating environment hook '/home/nvidia/ros_rlr/install/sllidar_ros2/share/sllidar_ros2/hook/cmake_prefix_path.ps1'
[25.058s] INFO:colcon.colcon_core.shell:Creating environment descriptor '/home/nvidia/ros_rlr/install/sllidar_ros2/share/sllidar_ros2/hook/cmake_prefix_path.dsv'
[25.060s] INFO:colcon.colcon_core.shell:Creating environment hook '/home/nvidia/ros_rlr/install/sllidar_ros2/share/sllidar_ros2/hook/cmake_prefix_path.sh'
[25.064s] Level 1:colcon.colcon_core.environment:checking '/home/nvidia/ros_rlr/install/sllidar_ros2/lib'
[25.065s] Level 1:colcon.colcon_core.environment:checking '/home/nvidia/ros_rlr/install/sllidar_ros2/bin'
[25.065s] Level 1:colcon.colcon_core.environment:checking '/home/nvidia/ros_rlr/install/sllidar_ros2/lib/pkgconfig/sllidar_ros2.pc'
[25.067s] Level 1:colcon.colcon_core.environment:checking '/home/nvidia/ros_rlr/install/sllidar_ros2/lib/python3.10/site-packages'
[25.067s] Level 1:colcon.colcon_core.environment:checking '/home/nvidia/ros_rlr/install/sllidar_ros2/bin'
[25.068s] INFO:colcon.colcon_core.shell:Creating package script '/home/nvidia/ros_rlr/install/sllidar_ros2/share/sllidar_ros2/package.ps1'
[25.069s] INFO:colcon.colcon_core.shell:Creating package descriptor '/home/nvidia/ros_rlr/install/sllidar_ros2/share/sllidar_ros2/package.dsv'
[25.071s] INFO:colcon.colcon_core.shell:Creating package script '/home/nvidia/ros_rlr/install/sllidar_ros2/share/sllidar_ros2/package.sh'
[25.072s] INFO:colcon.colcon_core.shell:Creating package script '/home/nvidia/ros_rlr/install/sllidar_ros2/share/sllidar_ros2/package.bash'
[25.074s] INFO:colcon.colcon_core.shell:Creating package script '/home/nvidia/ros_rlr/install/sllidar_ros2/share/sllidar_ros2/package.zsh'
[25.075s] Level 1:colcon.colcon_core.environment:create_file_with_runtime_dependencies(/home/nvidia/ros_rlr/install/sllidar_ros2/share/colcon-core/packages/sllidar_ros2)
[25.113s] DEBUG:colcon.colcon_core.event_handler.log_command:Invoking command in '/home/nvidia/ros_rlr/build/rplidar_ros': CMAKE_PREFIX_PATH=${CMAKE_PREFIX_PATH}:/home/nvidia/ros_rlr/install/cube_localizer:/opt/ros/humble /usr/bin/cmake --install /home/nvidia/ros_rlr/build/rplidar_ros
[25.138s] Level 1:colcon.colcon_core.environment:create_environment_scripts_only(rplidar_ros)
[25.139s] Level 1:colcon.colcon_core.environment:checking '/home/nvidia/ros_rlr/install/rplidar_ros' for CMake module files
[25.142s] DEBUG:colcon.colcon_core.event_handler.log_command:Invoked command in '/home/nvidia/ros_rlr/build/rplidar_ros' returned '0': CMAKE_PREFIX_PATH=${CMAKE_PREFIX_PATH}:/home/nvidia/ros_rlr/install/cube_localizer:/opt/ros/humble /usr/bin/cmake --install /home/nvidia/ros_rlr/build/rplidar_ros
[25.143s] Level 1:colcon.colcon_core.environment:checking '/home/nvidia/ros_rlr/install/rplidar_ros' for CMake config files
[25.143s] Level 1:colcon.colcon_core.shell:create_environment_hook('rplidar_ros', 'cmake_prefix_path')
[25.144s] INFO:colcon.colcon_core.shell:Creating environment hook '/home/nvidia/ros_rlr/install/rplidar_ros/share/rplidar_ros/hook/cmake_prefix_path.ps1'
[25.145s] INFO:colcon.colcon_core.shell:Creating environment descriptor '/home/nvidia/ros_rlr/install/rplidar_ros/share/rplidar_ros/hook/cmake_prefix_path.dsv'
[25.145s] INFO:colcon.colcon_core.shell:Creating environment hook '/home/nvidia/ros_rlr/install/rplidar_ros/share/rplidar_ros/hook/cmake_prefix_path.sh'
[25.149s] Level 1:colcon.colcon_core.environment:checking '/home/nvidia/ros_rlr/install/rplidar_ros/lib'
[25.149s] Level 1:colcon.colcon_core.shell:create_environment_hook('rplidar_ros', 'ld_library_path_lib')
[25.150s] INFO:colcon.colcon_core.shell:Creating environment hook '/home/nvidia/ros_rlr/install/rplidar_ros/share/rplidar_ros/hook/ld_library_path_lib.ps1'
[25.151s] INFO:colcon.colcon_core.shell:Creating environment descriptor '/home/nvidia/ros_rlr/install/rplidar_ros/share/rplidar_ros/hook/ld_library_path_lib.dsv'
[25.152s] INFO:colcon.colcon_core.shell:Creating environment hook '/home/nvidia/ros_rlr/install/rplidar_ros/share/rplidar_ros/hook/ld_library_path_lib.sh'
[25.152s] Level 1:colcon.colcon_core.environment:checking '/home/nvidia/ros_rlr/install/rplidar_ros/bin'
[25.153s] Level 1:colcon.colcon_core.environment:checking '/home/nvidia/ros_rlr/install/rplidar_ros/lib/pkgconfig/rplidar_ros.pc'
[25.153s] Level 1:colcon.colcon_core.environment:checking '/home/nvidia/ros_rlr/install/rplidar_ros/lib/python3.10/site-packages'
[25.153s] Level 1:colcon.colcon_core.environment:checking '/home/nvidia/ros_rlr/install/rplidar_ros/bin'
[25.154s] INFO:colcon.colcon_core.shell:Creating package script '/home/nvidia/ros_rlr/install/rplidar_ros/share/rplidar_ros/package.ps1'
[25.155s] INFO:colcon.colcon_core.shell:Creating package descriptor '/home/nvidia/ros_rlr/install/rplidar_ros/share/rplidar_ros/package.dsv'
[25.156s] INFO:colcon.colcon_core.shell:Creating package script '/home/nvidia/ros_rlr/install/rplidar_ros/share/rplidar_ros/package.sh'
[25.157s] INFO:colcon.colcon_core.shell:Creating package script '/home/nvidia/ros_rlr/install/rplidar_ros/share/rplidar_ros/package.bash'
[25.158s] INFO:colcon.colcon_core.shell:Creating package script '/home/nvidia/ros_rlr/install/rplidar_ros/share/rplidar_ros/package.zsh'
[25.159s] Level 1:colcon.colcon_core.environment:create_file_with_runtime_dependencies(/home/nvidia/ros_rlr/install/rplidar_ros/share/colcon-core/packages/rplidar_ros)
[25.229s] Level 1:colcon.colcon_core.environment:create_environment_scripts_only(sllidar_ros2)
[25.230s] Level 1:colcon.colcon_core.environment:checking '/home/nvidia/ros_rlr/install/sllidar_ros2' for CMake module files
[25.231s] Level 1:colcon.colcon_core.environment:checking '/home/nvidia/ros_rlr/install/sllidar_ros2' for CMake config files
[25.231s] Level 1:colcon.colcon_core.shell:create_environment_hook('sllidar_ros2', 'cmake_prefix_path')
[25.232s] INFO:colcon.colcon_core.shell:Creating environment hook '/home/nvidia/ros_rlr/install/sllidar_ros2/share/sllidar_ros2/hook/cmake_prefix_path.ps1'
[25.233s] INFO:colcon.colcon_core.shell:Creating environment descriptor '/home/nvidia/ros_rlr/install/sllidar_ros2/share/sllidar_ros2/hook/cmake_prefix_path.dsv'
[25.234s] INFO:colcon.colcon_core.shell:Creating environment hook '/home/nvidia/ros_rlr/install/sllidar_ros2/share/sllidar_ros2/hook/cmake_prefix_path.sh'
[25.236s] Level 1:colcon.colcon_core.environment:checking '/home/nvidia/ros_rlr/install/sllidar_ros2/lib'
[25.236s] Level 1:colcon.colcon_core.environment:checking '/home/nvidia/ros_rlr/install/sllidar_ros2/bin'
[25.236s] Level 1:colcon.colcon_core.environment:checking '/home/nvidia/ros_rlr/install/sllidar_ros2/lib/pkgconfig/sllidar_ros2.pc'
[25.237s] Level 1:colcon.colcon_core.environment:checking '/home/nvidia/ros_rlr/install/sllidar_ros2/lib/python3.10/site-packages'
[25.237s] Level 1:colcon.colcon_core.environment:checking '/home/nvidia/ros_rlr/install/sllidar_ros2/bin'
[25.238s] INFO:colcon.colcon_core.shell:Creating package script '/home/nvidia/ros_rlr/install/sllidar_ros2/share/sllidar_ros2/package.ps1'
[25.239s] INFO:colcon.colcon_core.shell:Creating package descriptor '/home/nvidia/ros_rlr/install/sllidar_ros2/share/sllidar_ros2/package.dsv'
[25.240s] INFO:colcon.colcon_core.shell:Creating package script '/home/nvidia/ros_rlr/install/sllidar_ros2/share/sllidar_ros2/package.sh'
[25.242s] INFO:colcon.colcon_core.shell:Creating package script '/home/nvidia/ros_rlr/install/sllidar_ros2/share/sllidar_ros2/package.bash'
[25.243s] INFO:colcon.colcon_core.shell:Creating package script '/home/nvidia/ros_rlr/install/sllidar_ros2/share/sllidar_ros2/package.zsh'
[25.244s] Level 1:colcon.colcon_core.environment:create_file_with_runtime_dependencies(/home/nvidia/ros_rlr/install/sllidar_ros2/share/colcon-core/packages/sllidar_ros2)
[25.248s] INFO:colcon.colcon_ros.task.ament_python.build:Building ROS package in '/home/nvidia/ros_rlr/src/cube_localizer' with build type 'ament_python'
[25.248s] Level 1:colcon.colcon_core.shell:create_environment_hook('cube_localizer', 'ament_prefix_path')
[25.250s] INFO:colcon.colcon_core.shell:Creating environment hook '/home/nvidia/ros_rlr/install/cube_localizer/share/cube_localizer/hook/ament_prefix_path.ps1'
[25.251s] INFO:colcon.colcon_core.shell:Creating environment descriptor '/home/nvidia/ros_rlr/install/cube_localizer/share/cube_localizer/hook/ament_prefix_path.dsv'
[25.252s] INFO:colcon.colcon_core.shell:Creating environment hook '/home/nvidia/ros_rlr/install/cube_localizer/share/cube_localizer/hook/ament_prefix_path.sh'
[25.253s] INFO:colcon.colcon_core.shell:Skip shell extension 'powershell' for command environment: Not usable outside of PowerShell
[25.255s] DEBUG:colcon.colcon_core.shell:Skip shell extension 'dsv' for command environment
[25.265s] Level 1:colcon.colcon_core.environment:create_environment_scripts_only(rplidar_ros)
[25.265s] Level 1:colcon.colcon_core.environment:checking '/home/nvidia/ros_rlr/install/rplidar_ros' for CMake module files
[25.266s] Level 1:colcon.colcon_core.environment:checking '/home/nvidia/ros_rlr/install/rplidar_ros' for CMake config files
[25.268s] Level 1:colcon.colcon_core.shell:create_environment_hook('rplidar_ros', 'cmake_prefix_path')
[25.268s] INFO:colcon.colcon_core.shell:Creating environment hook '/home/nvidia/ros_rlr/install/rplidar_ros/share/rplidar_ros/hook/cmake_prefix_path.ps1'
[25.271s] INFO:colcon.colcon_core.shell:Creating environment descriptor '/home/nvidia/ros_rlr/install/rplidar_ros/share/rplidar_ros/hook/cmake_prefix_path.dsv'
[25.272s] INFO:colcon.colcon_core.shell:Creating environment hook '/home/nvidia/ros_rlr/install/rplidar_ros/share/rplidar_ros/hook/cmake_prefix_path.sh'
[25.273s] Level 1:colcon.colcon_core.environment:checking '/home/nvidia/ros_rlr/install/rplidar_ros/lib'
[25.273s] Level 1:colcon.colcon_core.shell:create_environment_hook('rplidar_ros', 'ld_library_path_lib')
[25.273s] INFO:colcon.colcon_core.shell:Creating environment hook '/home/nvidia/ros_rlr/install/rplidar_ros/share/rplidar_ros/hook/ld_library_path_lib.ps1'
[25.274s] INFO:colcon.colcon_core.shell:Creating environment descriptor '/home/nvidia/ros_rlr/install/rplidar_ros/share/rplidar_ros/hook/ld_library_path_lib.dsv'
[25.277s] INFO:colcon.colcon_core.shell:Creating environment hook '/home/nvidia/ros_rlr/install/rplidar_ros/share/rplidar_ros/hook/ld_library_path_lib.sh'
[25.278s] Level 1:colcon.colcon_core.environment:checking '/home/nvidia/ros_rlr/install/rplidar_ros/bin'
[25.278s] Level 1:colcon.colcon_core.environment:checking '/home/nvidia/ros_rlr/install/rplidar_ros/lib/pkgconfig/rplidar_ros.pc'
[25.278s] Level 1:colcon.colcon_core.environment:checking '/home/nvidia/ros_rlr/install/rplidar_ros/lib/python3.10/site-packages'
[25.278s] Level 1:colcon.colcon_core.environment:checking '/home/nvidia/ros_rlr/install/rplidar_ros/bin'
[25.279s] INFO:colcon.colcon_core.shell:Creating package script '/home/nvidia/ros_rlr/install/rplidar_ros/share/rplidar_ros/package.ps1'
[25.280s] INFO:colcon.colcon_core.shell:Creating package descriptor '/home/nvidia/ros_rlr/install/rplidar_ros/share/rplidar_ros/package.dsv'
[25.281s] INFO:colcon.colcon_core.shell:Creating package script '/home/nvidia/ros_rlr/install/rplidar_ros/share/rplidar_ros/package.sh'
[25.283s] INFO:colcon.colcon_core.shell:Creating package script '/home/nvidia/ros_rlr/install/rplidar_ros/share/rplidar_ros/package.bash'
[25.285s] INFO:colcon.colcon_core.shell:Creating package script '/home/nvidia/ros_rlr/install/rplidar_ros/share/rplidar_ros/package.zsh'
[25.286s] Level 1:colcon.colcon_core.environment:create_file_with_runtime_dependencies(/home/nvidia/ros_rlr/install/rplidar_ros/share/colcon-core/packages/rplidar_ros)
[25.669s] INFO:colcon.colcon_core.task.python.build:Building Python package in '/home/nvidia/ros_rlr/src/cube_localizer'
[25.670s] INFO:colcon.colcon_core.shell:Skip shell extension 'powershell' for command environment: Not usable outside of PowerShell
[25.670s] DEBUG:colcon.colcon_core.shell:Skip shell extension 'dsv' for command environment
[26.247s] DEBUG:colcon.colcon_core.event_handler.log_command:Invoking command in '/home/nvidia/ros_rlr/src/cube_localizer': PYTHONPATH=/home/nvidia/ros_rlr/build/cube_localizer/prefix_override:/usr/lib/python3/dist-packages/colcon_core/task/python/colcon_distutils_commands:/home/nvidia/ros_rlr/install/cube_localizer/lib/python3.10/site-packages:${PYTHONPATH} /usr/bin/python3 -W ignore:setup.py install is deprecated setup.py egg_info --egg-base ../../build/cube_localizer build --build-base /home/nvidia/ros_rlr/build/cube_localizer/build install --record /home/nvidia/ros_rlr/build/cube_localizer/install.log --single-version-externally-managed install_data
[26.661s] Level 1:colcon.colcon_core.environment:checking '/home/nvidia/ros_rlr/install/cube_localizer' for CMake module files
[26.661s] Level 1:colcon.colcon_core.environment:checking '/home/nvidia/ros_rlr/install/cube_localizer' for CMake config files
[26.662s] Level 1:colcon.colcon_core.environment:checking '/home/nvidia/ros_rlr/install/cube_localizer/lib'
[26.662s] Level 1:colcon.colcon_core.environment:checking '/home/nvidia/ros_rlr/install/cube_localizer/bin'
[26.663s] DEBUG:colcon.colcon_core.event_handler.log_command:Invoked command in '/home/nvidia/ros_rlr/src/cube_localizer' returned '0': PYTHONPATH=/home/nvidia/ros_rlr/build/cube_localizer/prefix_override:/usr/lib/python3/dist-packages/colcon_core/task/python/colcon_distutils_commands:/home/nvidia/ros_rlr/install/cube_localizer/lib/python3.10/site-packages:${PYTHONPATH} /usr/bin/python3 -W ignore:setup.py install is deprecated setup.py egg_info --egg-base ../../build/cube_localizer build --build-base /home/nvidia/ros_rlr/build/cube_localizer/build install --record /home/nvidia/ros_rlr/build/cube_localizer/install.log --single-version-externally-managed install_data
[26.663s] Level 1:colcon.colcon_core.environment:checking '/home/nvidia/ros_rlr/install/cube_localizer/lib/pkgconfig/cube_localizer.pc'
[26.664s] Level 1:colcon.colcon_core.environment:checking '/home/nvidia/ros_rlr/install/cube_localizer/lib/python3.10/site-packages'
[26.664s] Level 1:colcon.colcon_core.shell:create_environment_hook('cube_localizer', 'pythonpath')
[26.664s] INFO:colcon.colcon_core.shell:Creating environment hook '/home/nvidia/ros_rlr/install/cube_localizer/share/cube_localizer/hook/pythonpath.ps1'
[26.665s] INFO:colcon.colcon_core.shell:Creating environment descriptor '/home/nvidia/ros_rlr/install/cube_localizer/share/cube_localizer/hook/pythonpath.dsv'
[26.665s] INFO:colcon.colcon_core.shell:Creating environment hook '/home/nvidia/ros_rlr/install/cube_localizer/share/cube_localizer/hook/pythonpath.sh'
[26.666s] Level 1:colcon.colcon_core.environment:checking '/home/nvidia/ros_rlr/install/cube_localizer/bin'
[26.667s] Level 1:colcon.colcon_core.environment:create_environment_scripts_only(cube_localizer)
[26.667s] INFO:colcon.colcon_core.shell:Creating package script '/home/nvidia/ros_rlr/install/cube_localizer/share/cube_localizer/package.ps1'
[26.668s] INFO:colcon.colcon_core.shell:Creating package descriptor '/home/nvidia/ros_rlr/install/cube_localizer/share/cube_localizer/package.dsv'
[26.670s] INFO:colcon.colcon_core.shell:Creating package script '/home/nvidia/ros_rlr/install/cube_localizer/share/cube_localizer/package.sh'
[26.670s] INFO:colcon.colcon_core.shell:Creating package script '/home/nvidia/ros_rlr/install/cube_localizer/share/cube_localizer/package.bash'
[26.671s] INFO:colcon.colcon_core.shell:Creating package script '/home/nvidia/ros_rlr/install/cube_localizer/share/cube_localizer/package.zsh'
[26.671s] Level 1:colcon.colcon_core.environment:create_file_with_runtime_dependencies(/home/nvidia/ros_rlr/install/cube_localizer/share/colcon-core/packages/cube_localizer)
[26.674s] DEBUG:colcon.colcon_parallel_executor.executor.parallel:closing loop
[26.674s] DEBUG:colcon.colcon_parallel_executor.executor.parallel:loop closed
[26.674s] DEBUG:colcon.colcon_parallel_executor.executor.parallel:run_until_complete finished with '0'
[26.674s] DEBUG:colcon.colcon_core.event_reactor:joining thread
[26.684s] INFO:colcon.colcon_core.plugin_system:Skipping extension 'colcon_notification.desktop_notification.terminal_notifier': Not used on non-Darwin systems
[26.684s] INFO:colcon.colcon_core.plugin_system:Skipping extension 'colcon_notification.desktop_notification.win32': Not used on non-Windows systems
[26.684s] INFO:colcon.colcon_notification.desktop_notification:Sending desktop notification using 'notify2'
[26.710s] DEBUG:colcon.colcon_core.event_reactor:joined thread
[26.710s] INFO:colcon.colcon_core.shell:Creating prefix script '/home/nvidia/ros_rlr/install/local_setup.ps1'
[26.712s] INFO:colcon.colcon_core.shell:Creating prefix util module '/home/nvidia/ros_rlr/install/_local_setup_util_ps1.py'
[26.713s] INFO:colcon.colcon_core.shell:Creating prefix chain script '/home/nvidia/ros_rlr/install/setup.ps1'
[26.715s] INFO:colcon.colcon_core.shell:Creating prefix script '/home/nvidia/ros_rlr/install/local_setup.sh'
[26.718s] INFO:colcon.colcon_core.shell:Creating prefix util module '/home/nvidia/ros_rlr/install/_local_setup_util_sh.py'
[26.719s] INFO:colcon.colcon_core.shell:Creating prefix chain script '/home/nvidia/ros_rlr/install/setup.sh'
[26.720s] INFO:colcon.colcon_core.shell:Creating prefix script '/home/nvidia/ros_rlr/install/local_setup.bash'
[26.721s] INFO:colcon.colcon_core.shell:Creating prefix chain script '/home/nvidia/ros_rlr/install/setup.bash'
[26.723s] INFO:colcon.colcon_core.shell:Creating prefix script '/home/nvidia/ros_rlr/install/local_setup.zsh'
[26.723s] INFO:colcon.colcon_core.shell:Creating prefix chain script '/home/nvidia/ros_rlr/install/setup.zsh'
